0 verbose cli C:\nvm4w\nodejs\node.exe C:\nvm4w\nodejs\node_modules\npm\bin\npm-cli.js
1 info using npm@11.7.0
2 info using node@v22.18.0
3 silly config load:file:C:\Users\Administrator\AppData\Local\nvm\v22.18.0\node_modules\npm\npmrc
4 silly config load:file:D:\WEB DEVELOPMENT PRO\PROJECTS\PulseCheck\server\.npmrc
5 silly config load:file:C:\Users\Administrator\.npmrc
6 silly config load:file:C:\nvm4w\nodejs\etc\npmrc
7 verbose title npm install
8 verbose argv "install" "--cache" ".npm-cache" "--no-audit" "--no-fund"
9 verbose logfile logs-max:10 dir:D:\WEB DEVELOPMENT PRO\PROJECTS\PulseCheck\server\.npm-cache\_logs\2026-04-18T17_52_39_555Z-
10 verbose logfile D:\WEB DEVELOPMENT PRO\PROJECTS\PulseCheck\server\.npm-cache\_logs\2026-04-18T17_52_39_555Z-debug-0.log
11 silly logfile done cleaning log files
12 silly packumentCache heap:4345298944 maxSize:1086324736 maxEntrySize:543162368
13 silly idealTree buildDeps
14 silly fetch manifest axios@^1.11.0
15 silly packumentCache full:https://registry.npmjs.org/axios cache-miss
16 http fetch GET 200 https://registry.npmjs.org/npm 502ms
17 http fetch GET 200 https://registry.npmjs.org/axios 576ms (cache miss)
18 silly packumentCache full:https://registry.npmjs.org/axios set size:undefined disposed:false
19 silly fetch manifest ioredis@^5.8.1
20 silly packumentCache full:https://registry.npmjs.org/ioredis cache-miss
21 http fetch GET 200 https://registry.npmjs.org/ioredis 962ms (cache miss)
22 silly packumentCache full:https://registry.npmjs.org/ioredis set size:undefined disposed:false
23 silly fetch manifest socket.io@^4.8.1
24 silly packumentCache full:https://registry.npmjs.org/socket.io cache-miss
25 http fetch GET 200 https://registry.npmjs.org/socket.io 395ms (cache miss)
26 silly packumentCache full:https://registry.npmjs.org/socket.io set size:undefined disposed:false
27 silly placeDep ROOT axios@1.15.0 OK for: pulsecheck-server@1.0.0 want: ^1.11.0
28 silly placeDep ROOT ioredis@5.10.1 OK for: pulsecheck-server@1.0.0 want: ^5.8.1
29 silly placeDep ROOT socket.io@4.8.3 OK for: pulsecheck-server@1.0.0 want: ^4.8.1
30 silly fetch manifest form-data@^4.0.5
31 silly packumentCache full:https://registry.npmjs.org/form-data cache-miss
32 silly fetch manifest proxy-from-env@^2.1.0
33 silly packumentCache full:https://registry.npmjs.org/proxy-from-env cache-miss
34 silly fetch manifest follow-redirects@^1.15.11
35 silly packumentCache full:https://registry.npmjs.org/follow-redirects cache-miss
36 silly fetch manifest @ioredis/commands@1.5.1
37 silly packumentCache full:https://registry.npmjs.org/@ioredis%2fcommands cache-miss
38 silly fetch manifest cluster-key-slot@^1.1.0
39 silly packumentCache full:https://registry.npmjs.org/cluster-key-slot cache-miss
40 silly fetch manifest denque@^2.1.0
41 silly packumentCache full:https://registry.npmjs.org/denque cache-miss
42 silly fetch manifest lodash.defaults@^4.2.0
43 silly packumentCache full:https://registry.npmjs.org/lodash.defaults cache-miss
44 http fetch GET 200 https://registry.npmjs.org/proxy-from-env 106ms (cache miss)
45 silly packumentCache full:https://registry.npmjs.org/proxy-from-env set size:undefined disposed:false
46 silly fetch manifest lodash.isarguments@^3.1.0
47 silly packumentCache full:https://registry.npmjs.org/lodash.isarguments cache-miss
48 http fetch GET 200 https://registry.npmjs.org/lodash.isarguments 82ms (cache miss)
49 silly packumentCache full:https://registry.npmjs.org/lodash.isarguments set size:undefined disposed:false
50 silly fetch manifest redis-errors@^1.2.0
51 silly packumentCache full:https://registry.npmjs.org/redis-errors cache-miss
52 http fetch GET 200 https://registry.npmjs.org/lodash.defaults 272ms (cache miss)
53 silly packumentCache full:https://registry.npmjs.org/lodash.defaults set size:undefined disposed:false
54 silly fetch manifest redis-parser@^3.0.0
55 silly packumentCache full:https://registry.npmjs.org/redis-parser cache-miss
56 http fetch GET 200 https://registry.npmjs.org/redis-errors 84ms (cache miss)
57 silly packumentCache full:https://registry.npmjs.org/redis-errors set size:undefined disposed:false
58 silly fetch manifest standard-as-callback@^2.1.0
59 silly packumentCache full:https://registry.npmjs.org/standard-as-callback cache-miss
60 http fetch GET 200 https://registry.npmjs.org/cluster-key-slot 299ms (cache miss)
61 silly packumentCache full:https://registry.npmjs.org/cluster-key-slot set size:undefined disposed:false
62 silly fetch manifest accepts@~1.3.4
63 silly packumentCache full:https://registry.npmjs.org/accepts cache-miss
64 http fetch GET 200 https://registry.npmjs.org/follow-redirects 304ms (cache miss)
65 silly packumentCache full:https://registry.npmjs.org/follow-redirects set size:undefined disposed:false
66 silly fetch manifest base64id@~2.0.0
67 silly packumentCache full:https://registry.npmjs.org/base64id cache-miss
68 http fetch GET 200 https://registry.npmjs.org/denque 333ms (cache miss)
69 silly packumentCache full:https://registry.npmjs.org/denque set size:undefined disposed:false
70 silly fetch manifest engine.io@~6.6.0
71 silly packumentCache full:https://registry.npmjs.org/engine.io cache-miss
72 http fetch GET 200 https://registry.npmjs.org/redis-parser 67ms (cache miss)
73 silly packumentCache full:https://registry.npmjs.org/redis-parser set size:undefined disposed:false
74 silly fetch manifest socket.io-adapter@~2.5.2
75 silly packumentCache full:https://registry.npmjs.org/socket.io-adapter cache-miss
76 http fetch GET 200 https://registry.npmjs.org/@ioredis%2fcommands 347ms (cache miss)
77 silly packumentCache full:https://registry.npmjs.org/@ioredis%2fcommands set size:undefined disposed:false
78 silly fetch manifest socket.io-parser@~4.2.4
79 silly packumentCache full:https://registry.npmjs.org/socket.io-parser cache-miss
80 http fetch GET 200 https://registry.npmjs.org/form-data 358ms (cache miss)
81 silly packumentCache full:https://registry.npmjs.org/form-data set size:undefined disposed:false
82 http fetch GET 200 https://registry.npmjs.org/standard-as-callback 92ms (cache miss)
83 silly packumentCache full:https://registry.npmjs.org/standard-as-callback set size:undefined disposed:false
84 http fetch GET 200 https://registry.npmjs.org/accepts 83ms (cache miss)
85 silly packumentCache full:https://registry.npmjs.org/accepts set size:undefined disposed:false
86 http fetch GET 200 https://registry.npmjs.org/socket.io-adapter 65ms (cache miss)
87 silly packumentCache full:https://registry.npmjs.org/socket.io-adapter set size:undefined disposed:false
88 http fetch GET 200 https://registry.npmjs.org/socket.io-parser 103ms (cache miss)
89 silly packumentCache full:https://registry.npmjs.org/socket.io-parser set size:undefined disposed:false
90 http fetch GET 200 https://registry.npmjs.org/base64id 327ms (cache miss)
91 silly packumentCache full:https://registry.npmjs.org/base64id set size:undefined disposed:false
92 http fetch GET 200 https://registry.npmjs.org/engine.io 883ms (cache miss)
93 silly packumentCache full:https://registry.npmjs.org/engine.io set size:undefined disposed:false
94 silly placeDep ROOT follow-redirects@1.16.0 OK for: axios@1.15.0 want: ^1.15.11
95 silly placeDep ROOT form-data@4.0.5 OK for: axios@1.15.0 want: ^4.0.5
96 silly placeDep ROOT proxy-from-env@2.1.0 OK for: axios@1.15.0 want: ^2.1.0
97 silly fetch manifest asynckit@^0.4.0
98 silly packumentCache full:https://registry.npmjs.org/asynckit cache-miss
99 silly fetch manifest combined-stream@^1.0.8
100 silly packumentCache full:https://registry.npmjs.org/combined-stream cache-miss
101 silly fetch manifest es-set-tostringtag@^2.1.0
102 silly packumentCache full:https://registry.npmjs.org/es-set-tostringtag cache-miss
103 silly fetch manifest mime-types@^2.1.12
104 silly packumentCache full:https://registry.npmjs.org/mime-types cache-miss
105 http fetch GET 200 https://registry.npmjs.org/asynckit 135ms (cache miss)
106 silly packumentCache full:https://registry.npmjs.org/asynckit set size:undefined disposed:false
107 http fetch GET 200 https://registry.npmjs.org/es-set-tostringtag 137ms (cache miss)
108 silly packumentCache full:https://registry.npmjs.org/es-set-tostringtag set size:undefined disposed:false
109 http fetch GET 200 https://registry.npmjs.org/combined-stream 150ms (cache miss)
110 silly packumentCache full:https://registry.npmjs.org/combined-stream set size:undefined disposed:false
111 http fetch GET 200 https://registry.npmjs.org/mime-types 151ms (cache miss)
112 silly packumentCache full:https://registry.npmjs.org/mime-types set size:undefined disposed:false
113 silly placeDep ROOT asynckit@0.4.0 OK for: form-data@4.0.5 want: ^0.4.0
114 silly placeDep ROOT combined-stream@1.0.8 OK for: form-data@4.0.5 want: ^1.0.8
115 silly placeDep ROOT es-set-tostringtag@2.1.0 OK for: form-data@4.0.5 want: ^2.1.0
116 silly placeDep node_modules/form-data mime-types@2.1.35 OK for: form-data@4.0.5 want: ^2.1.12
117 silly fetch manifest delayed-stream@~1.0.0
118 silly packumentCache full:https://registry.npmjs.org/delayed-stream cache-miss
119 silly fetch manifest has-tostringtag@^1.0.2
120 silly packumentCache full:https://registry.npmjs.org/has-tostringtag cache-miss
121 silly fetch manifest mime-db@1.52.0
122 silly packumentCache full:https://registry.npmjs.org/mime-db cache-miss
123 http fetch GET 200 https://registry.npmjs.org/delayed-stream 93ms (cache miss)
124 silly packumentCache full:https://registry.npmjs.org/delayed-stream set size:undefined disposed:false
125 http fetch GET 200 https://registry.npmjs.org/has-tostringtag 94ms (cache miss)
126 silly packumentCache full:https://registry.npmjs.org/has-tostringtag set size:undefined disposed:false
127 http fetch GET 200 https://registry.npmjs.org/mime-db 96ms (cache miss)
128 silly packumentCache full:https://registry.npmjs.org/mime-db set size:undefined disposed:false
129 silly placeDep ROOT delayed-stream@1.0.0 OK for: combined-stream@1.0.8 want: ~1.0.0
130 silly placeDep ROOT has-tostringtag@1.0.2 OK for: es-set-tostringtag@2.1.0 want: ^1.0.2
131 silly placeDep ROOT @ioredis/commands@1.5.1 OK for: ioredis@5.10.1 want: 1.5.1
132 silly placeDep ROOT cluster-key-slot@1.1.2 OK for: ioredis@5.10.1 want: ^1.1.0
133 silly placeDep ROOT denque@2.1.0 OK for: ioredis@5.10.1 want: ^2.1.0
134 silly placeDep ROOT lodash.defaults@4.2.0 OK for: ioredis@5.10.1 want: ^4.2.0
135 silly placeDep ROOT lodash.isarguments@3.1.0 OK for: ioredis@5.10.1 want: ^3.1.0
136 silly placeDep ROOT redis-errors@1.2.0 OK for: ioredis@5.10.1 want: ^1.2.0
137 silly placeDep ROOT redis-parser@3.0.0 OK for: ioredis@5.10.1 want: ^3.0.0
138 silly placeDep ROOT standard-as-callback@2.1.0 OK for: ioredis@5.10.1 want: ^2.1.0
139 silly placeDep node_modules/socket.io accepts@1.3.8 OK for: socket.io@4.8.3 want: ~1.3.4
140 silly placeDep ROOT base64id@2.0.0 OK for: socket.io@4.8.3 want: ~2.0.0
141 silly placeDep ROOT engine.io@6.6.6 OK for: socket.io@4.8.3 want: ~6.6.0
142 silly placeDep ROOT socket.io-adapter@2.5.6 OK for: socket.io@4.8.3 want: ~2.5.2
143 silly placeDep ROOT socket.io-parser@4.2.6 OK for: socket.io@4.8.3 want: ~4.2.4
144 silly fetch manifest mime-types@~2.1.34
145 silly packumentCache full:https://registry.npmjs.org/mime-types cache-miss
146 silly fetch manifest negotiator@0.6.3
147 silly packumentCache full:https://registry.npmjs.org/negotiator cache-miss
148 silly fetch manifest @types/cors@^2.8.12
149 silly packumentCache full:https://registry.npmjs.org/@types%2fcors cache-miss
150 silly fetch manifest @types/node@>=10.0.0
151 silly packumentCache full:https://registry.npmjs.org/@types%2fnode cache-miss
152 silly fetch manifest @types/ws@^8.5.12
153 silly packumentCache full:https://registry.npmjs.org/@types%2fws cache-miss
154 silly fetch manifest engine.io-parser@~5.2.1
155 silly packumentCache full:https://registry.npmjs.org/engine.io-parser cache-miss
156 silly fetch manifest ws@~8.18.3
157 silly packumentCache full:https://registry.npmjs.org/ws cache-miss
158 http cache https://registry.npmjs.org/mime-types 19ms (cache hit)
159 silly packumentCache full:https://registry.npmjs.org/mime-types set size:139110 disposed:false
160 silly fetch manifest ws@~8.18.3
161 silly packumentCache full:https://registry.npmjs.org/ws cache-miss
162 http fetch GET 200 https://registry.npmjs.org/negotiator 90ms (cache miss)
163 silly packumentCache full:https://registry.npmjs.org/negotiator set size:undefined disposed:false
164 silly fetch manifest @socket.io/component-emitter@~3.1.0
165 silly packumentCache full:https://registry.npmjs.org/@socket.io%2fcomponent-emitter cache-miss
166 http fetch GET 200 https://registry.npmjs.org/@types%2fcors 111ms (cache miss)
167 silly packumentCache full:https://registry.npmjs.org/@types%2fcors set size:undefined disposed:false
168 http fetch GET 200 https://registry.npmjs.org/engine.io-parser 116ms (cache miss)
169 silly packumentCache full:https://registry.npmjs.org/engine.io-parser set size:undefined disposed:false
170 http fetch GET 200 https://registry.npmjs.org/@types%2fws 143ms (cache miss)
171 silly packumentCache full:https://registry.npmjs.org/@types%2fws set size:undefined disposed:false
172 http fetch GET 200 https://registry.npmjs.org/ws 130ms (cache miss)
173 silly packumentCache full:https://registry.npmjs.org/ws set size:undefined disposed:false
174 http fetch GET 200 https://registry.npmjs.org/ws 163ms (cache miss)
175 silly packumentCache full:https://registry.npmjs.org/ws set size:undefined disposed:false
176 http fetch GET 200 https://registry.npmjs.org/@socket.io%2fcomponent-emitter 422ms (cache miss)
177 silly packumentCache full:https://registry.npmjs.org/@socket.io%2fcomponent-emitter set size:undefined disposed:false
178 http fetch GET 200 https://registry.npmjs.org/@types%2fnode 574ms (cache miss)
179 silly packumentCache full:https://registry.npmjs.org/@types%2fnode set size:undefined disposed:false
180 silly fetch manifest bufferutil@^4.0.1
181 silly packumentCache full:https://registry.npmjs.org/bufferutil cache-miss
182 http fetch GET 200 https://registry.npmjs.org/bufferutil 105ms (cache miss)
183 silly packumentCache full:https://registry.npmjs.org/bufferutil set size:undefined disposed:false
184 silly fetch manifest utf-8-validate@>=5.0.2
185 silly packumentCache full:https://registry.npmjs.org/utf-8-validate cache-miss
186 http fetch GET 200 https://registry.npmjs.org/utf-8-validate 131ms (cache miss)
187 silly packumentCache full:https://registry.npmjs.org/utf-8-validate set size:undefined disposed:false
188 silly placeDep ROOT @types/cors@2.8.19 OK for: engine.io@6.6.6 want: ^2.8.12
189 silly placeDep ROOT @types/node@25.6.0 OK for: engine.io@6.6.6 want: >=10.0.0
190 silly placeDep ROOT @types/ws@8.18.1 OK for: engine.io@6.6.6 want: ^8.5.12
191 silly placeDep node_modules/engine.io accepts@1.3.8 OK for: engine.io@6.6.6 want: ~1.3.4
192 silly placeDep ROOT engine.io-parser@5.2.3 OK for: engine.io@6.6.6 want: ~5.2.1
193 silly placeDep ROOT ws@8.18.3 OK for: engine.io@6.6.6 want: ~8.18.3
194 silly fetch manifest @types/node@*
195 silly packumentCache full:https://registry.npmjs.org/@types%2fnode cache-miss
196 silly fetch manifest undici-types@~7.19.0
197 silly packumentCache full:https://registry.npmjs.org/undici-types cache-miss
198 http cache https://registry.npmjs.org/@types%2fnode 64ms (cache hit)
199 silly packumentCache full:https://registry.npmjs.org/@types%2fnode set size:10972342 disposed:false
200 http fetch GET 200 https://registry.npmjs.org/undici-types 328ms (cache miss)
201 silly packumentCache full:https://registry.npmjs.org/undici-types set size:undefined disposed:false
202 silly placeDep ROOT undici-types@7.19.2 OK for: @types/node@25.6.0 want: ~7.19.0
203 silly placeDep ROOT @socket.io/component-emitter@3.1.2 OK for: socket.io-parser@4.2.6 want: ~3.1.0
204 silly placeDep node_modules/engine.io mime-types@2.1.35 OK for: accepts@1.3.8 want: ~2.1.34
205 silly placeDep node_modules/engine.io negotiator@0.6.3 OK for: accepts@1.3.8 want: 0.6.3
206 silly placeDep node_modules/engine.io mime-db@1.52.0 OK for: mime-types@2.1.35 want: 1.52.0
207 silly placeDep node_modules/form-data mime-db@1.52.0 OK for: mime-types@2.1.35 want: 1.52.0
208 silly placeDep node_modules/socket.io mime-types@2.1.35 OK for: accepts@1.3.8 want: ~2.1.34
209 silly placeDep node_modules/socket.io negotiator@0.6.3 OK for: accepts@1.3.8 want: 0.6.3
210 silly placeDep node_modules/socket.io mime-db@1.52.0 OK for: mime-types@2.1.35 want: 1.52.0
211 silly reify moves {}
212 http cache @socket.io/component-emitter@https://registry.npmjs.org/@socket.io/component-emitter/-/component-emitter-3.1.2.tgz 0ms (cache hit)
213 http cache @types/node@https://registry.npmjs.org/@types/node/-/node-25.6.0.tgz 0ms (cache hit)
214 http cache undici-types@https://registry.npmjs.org/undici-types/-/undici-types-7.19.2.tgz 0ms (cache hit)
215 http cache ws@https://registry.npmjs.org/ws/-/ws-8.18.3.tgz 0ms (cache hit)
216 http cache engine.io-parser@https://registry.npmjs.org/engine.io-parser/-/engine.io-parser-5.2.3.tgz 0ms (cache hit)
217 http cache @types/cors@https://registry.npmjs.org/@types/cors/-/cors-2.8.19.tgz 1ms (cache hit)
218 http cache socket.io-parser@https://registry.npmjs.org/socket.io-parser/-/socket.io-parser-4.2.6.tgz 0ms (cache hit)
219 http cache @types/ws@https://registry.npmjs.org/@types/ws/-/ws-8.18.1.tgz 0ms (cache hit)
220 http cache socket.io-adapter@https://registry.npmjs.org/socket.io-adapter/-/socket.io-adapter-2.5.6.tgz 0ms (cache hit)
221 http cache engine.io@https://registry.npmjs.org/engine.io/-/engine.io-6.6.6.tgz 1ms (cache hit)
222 http cache redis-parser@https://registry.npmjs.org/redis-parser/-/redis-parser-3.0.0.tgz 0ms (cache hit)
223 http cache base64id@https://registry.npmjs.org/base64id/-/base64id-2.0.0.tgz 0ms (cache hit)
224 http cache standard-as-callback@https://registry.npmjs.org/standard-as-callback/-/standard-as-callback-2.1.0.tgz 0ms (cache hit)
225 http cache redis-errors@https://registry.npmjs.org/redis-errors/-/redis-errors-1.2.0.tgz 0ms (cache hit)
226 http cache lodash.isarguments@https://registry.npmjs.org/lodash.isarguments/-/lodash.isarguments-3.1.0.tgz 0ms (cache hit)
227 http cache cluster-key-slot@https://registry.npmjs.org/cluster-key-slot/-/cluster-key-slot-1.1.2.tgz 0ms (cache hit)
228 http cache lodash.defaults@https://registry.npmjs.org/lodash.defaults/-/lodash.defaults-4.2.0.tgz 0ms (cache hit)
229 http cache denque@https://registry.npmjs.org/denque/-/denque-2.1.0.tgz 0ms (cache hit)
230 http cache @ioredis/commands@https://registry.npmjs.org/@ioredis/commands/-/commands-1.5.1.tgz 0ms (cache hit)
231 http cache delayed-stream@https://registry.npmjs.org/delayed-stream/-/delayed-stream-1.0.0.tgz 0ms (cache hit)
232 http cache es-set-tostringtag@https://registry.npmjs.org/es-set-tostringtag/-/es-set-tostringtag-2.1.0.tgz 0ms (cache hit)
233 http cache asynckit@https://registry.npmjs.org/asynckit/-/asynckit-0.4.0.tgz 0ms (cache hit)
234 http cache combined-stream@https://registry.npmjs.org/combined-stream/-/combined-stream-1.0.8.tgz 0ms (cache hit)
235 http cache proxy-from-env@https://registry.npmjs.org/proxy-from-env/-/proxy-from-env-2.1.0.tgz 0ms (cache hit)
236 http cache has-tostringtag@https://registry.npmjs.org/has-tostringtag/-/has-tostringtag-1.0.2.tgz 0ms (cache hit)
237 http cache form-data@https://registry.npmjs.org/form-data/-/form-data-4.0.5.tgz 0ms (cache hit)
238 http cache follow-redirects@https://registry.npmjs.org/follow-redirects/-/follow-redirects-1.16.0.tgz 0ms (cache hit)
239 http cache ioredis@https://registry.npmjs.org/ioredis/-/ioredis-5.10.1.tgz 0ms (cache hit)
240 http cache axios@https://registry.npmjs.org/axios/-/axios-1.15.0.tgz 0ms (cache hit)
241 http cache whatwg-url@https://registry.npmjs.org/whatwg-url/-/whatwg-url-14.2.0.tgz 0ms (cache hit)
242 http cache socket.io@https://registry.npmjs.org/socket.io/-/socket.io-4.8.3.tgz 0ms (cache hit)
243 http cache wrappy@https://registry.npmjs.org/wrappy/-/wrappy-1.0.2.tgz 0ms (cache hit)
244 http cache webidl-conversions@https://registry.npmjs.org/webidl-conversions/-/webidl-conversions-7.0.0.tgz 0ms (cache hit)
245 http cache vary@https://registry.npmjs.org/vary/-/vary-1.1.2.tgz 0ms (cache hit)
246 http cache undefsafe@https://registry.npmjs.org/undefsafe/-/undefsafe-2.0.5.tgz 0ms (cache hit)
247 http cache unpipe@https://registry.npmjs.org/unpipe/-/unpipe-1.0.0.tgz 0ms (cache hit)
248 http cache type-is@https://registry.npmjs.org/type-is/-/type-is-2.0.1.tgz 0ms (cache hit)
249 http cache tr46@https://registry.npmjs.org/tr46/-/tr46-5.1.1.tgz 0ms (cache hit)
250 http cache touch@https://registry.npmjs.org/touch/-/touch-3.1.1.tgz 0ms (cache hit)
251 http cache to-regex-range@https://registry.npmjs.org/to-regex-range/-/to-regex-range-5.0.1.tgz 0ms (cache hit)
252 http cache toidentifier@https://registry.npmjs.org/toidentifier/-/toidentifier-1.0.1.tgz 0ms (cache hit)
253 http cache supports-color@https://registry.npmjs.org/supports-color/-/supports-color-5.5.0.tgz 0ms (cache hit)
254 http cache sparse-bitfield@https://registry.npmjs.org/sparse-bitfield/-/sparse-bitfield-3.0.3.tgz 0ms (cache hit)
255 http cache statuses@https://registry.npmjs.org/statuses/-/statuses-2.0.2.tgz 0ms (cache hit)
256 http cache simple-update-notifier@https://registry.npmjs.org/simple-update-notifier/-/simple-update-notifier-2.0.0.tgz 0ms (cache hit)
257 http cache side-channel-weakmap@https://registry.npmjs.org/side-channel-weakmap/-/side-channel-weakmap-1.0.2.tgz 0ms (cache hit)
258 http cache side-channel-map@https://registry.npmjs.org/side-channel-map/-/side-channel-map-1.0.1.tgz 0ms (cache hit)
259 http cache side-channel-list@https://registry.npmjs.org/side-channel-list/-/side-channel-list-1.0.0.tgz 0ms (cache hit)
260 http cache sift@https://registry.npmjs.org/sift/-/sift-17.1.3.tgz 0ms (cache hit)
261 http cache side-channel@https://registry.npmjs.org/side-channel/-/side-channel-1.1.0.tgz 0ms (cache hit)
262 http cache setprototypeof@https://registry.npmjs.org/setprototypeof/-/setprototypeof-1.2.0.tgz 0ms (cache hit)
263 http cache serve-static@https://registry.npmjs.org/serve-static/-/serve-static-2.2.1.tgz 0ms (cache hit)
264 http cache send@https://registry.npmjs.org/send/-/send-1.2.1.tgz 0ms (cache hit)
265 http cache semver@https://registry.npmjs.org/semver/-/semver-7.7.4.tgz 0ms (cache hit)
266 http cache safer-buffer@https://registry.npmjs.org/safer-buffer/-/safer-buffer-2.1.2.tgz 0ms (cache hit)
267 http cache router@https://registry.npmjs.org/router/-/router-2.2.0.tgz 0ms (cache hit)
268 http cache safe-buffer@https://registry.npmjs.org/safe-buffer/-/safe-buffer-5.2.1.tgz 0ms (cache hit)
269 http cache readdirp@https://registry.npmjs.org/readdirp/-/readdirp-3.6.0.tgz 0ms (cache hit)
270 http cache raw-body@https://registry.npmjs.org/raw-body/-/raw-body-3.0.2.tgz 1ms (cache hit)
271 http cache qs@https://registry.npmjs.org/qs/-/qs-6.15.0.tgz 0ms (cache hit)
272 http cache range-parser@https://registry.npmjs.org/range-parser/-/range-parser-1.2.1.tgz 0ms (cache hit)
273 http cache punycode@https://registry.npmjs.org/punycode/-/punycode-2.3.1.tgz 0ms (cache hit)
274 http cache pstree.remy@https://registry.npmjs.org/pstree.remy/-/pstree.remy-1.1.8.tgz 0ms (cache hit)
275 http cache path-to-regexp@https://registry.npmjs.org/path-to-regexp/-/path-to-regexp-8.4.2.tgz 0ms (cache hit)
276 http cache proxy-addr@https://registry.npmjs.org/proxy-addr/-/proxy-addr-2.0.7.tgz 0ms (cache hit)
277 http cache parseurl@https://registry.npmjs.org/parseurl/-/parseurl-1.3.3.tgz 0ms (cache hit)
278 http cache picomatch@https://registry.npmjs.org/picomatch/-/picomatch-2.3.2.tgz 0ms (cache hit)
279 http cache once@https://registry.npmjs.org/once/-/once-1.4.0.tgz 0ms (cache hit)
280 http cache object-inspect@https://registry.npmjs.org/object-inspect/-/object-inspect-1.13.4.tgz 0ms (cache hit)
281 http cache object-assign@https://registry.npmjs.org/object-assign/-/object-assign-4.1.1.tgz 0ms (cache hit)
282 http cache normalize-path@https://registry.npmjs.org/normalize-path/-/normalize-path-3.0.0.tgz 0ms (cache hit)
283 http cache nodemon@https://registry.npmjs.org/nodemon/-/nodemon-3.1.14.tgz 0ms (cache hit)
284 http cache node-gyp-build@https://registry.npmjs.org/node-gyp-build/-/node-gyp-build-4.8.4.tgz 0ms (cache hit)
285 http cache node-cron@https://registry.npmjs.org/node-cron/-/node-cron-4.2.1.tgz 0ms (cache hit)
286 http cache node-addon-api@https://registry.npmjs.org/node-addon-api/-/node-addon-api-8.7.0.tgz 0ms (cache hit)
287 http cache on-finished@https://registry.npmjs.org/on-finished/-/on-finished-2.4.1.tgz 0ms (cache hit)
288 http cache ms@https://registry.npmjs.org/ms/-/ms-2.1.3.tgz 0ms (cache hit)
289 http cache negotiator@https://registry.npmjs.org/negotiator/-/negotiator-1.0.0.tgz 0ms (cache hit)
290 http cache mquery@https://registry.npmjs.org/mquery/-/mquery-6.0.0.tgz 0ms (cache hit)
291 http cache mpath@https://registry.npmjs.org/mpath/-/mpath-0.9.0.tgz 0ms (cache hit)
292 http cache mongoose@https://registry.npmjs.org/mongoose/-/mongoose-9.3.3.tgz 0ms (cache hit)
293 http cache mongodb@https://registry.npmjs.org/mongodb/-/mongodb-7.1.1.tgz 0ms (cache hit)
294 http cache minimatch@https://registry.npmjs.org/minimatch/-/minimatch-10.2.5.tgz 0ms (cache hit)
295 http cache mongodb-connection-string-url@https://registry.npmjs.org/mongodb-connection-string-url/-/mongodb-connection-string-url-7.0.1.tgz 0ms (cache hit)
296 http cache mime-types@https://registry.npmjs.org/mime-types/-/mime-types-3.0.2.tgz 0ms (cache hit)
297 http cache merge-descriptors@https://registry.npmjs.org/merge-descriptors/-/merge-descriptors-2.0.0.tgz 0ms (cache hit)
298 http cache memory-pager@https://registry.npmjs.org/memory-pager/-/memory-pager-1.5.0.tgz 0ms (cache hit)
299 http cache media-typer@https://registry.npmjs.org/media-typer/-/media-typer-1.1.0.tgz 0ms (cache hit)
300 http cache math-intrinsics@https://registry.npmjs.org/math-intrinsics/-/math-intrinsics-1.1.0.tgz 0ms (cache hit)
301 http cache lodash.once@https://registry.npmjs.org/lodash.once/-/lodash.once-4.1.1.tgz 0ms (cache hit)
302 http cache lodash.isplainobject@https://registry.npmjs.org/lodash.isplainobject/-/lodash.isplainobject-4.0.6.tgz 0ms (cache hit)
303 http cache mime-db@https://registry.npmjs.org/mime-db/-/mime-db-1.54.0.tgz 0ms (cache hit)
304 http cache lodash.isstring@https://registry.npmjs.org/lodash.isstring/-/lodash.isstring-4.0.1.tgz 0ms (cache hit)
305 http cache lodash.isboolean@https://registry.npmjs.org/lodash.isboolean/-/lodash.isboolean-3.0.3.tgz 0ms (cache hit)
306 http cache lodash.isinteger@https://registry.npmjs.org/lodash.isinteger/-/lodash.isinteger-4.0.4.tgz 0ms (cache hit)
307 http cache lodash.includes@https://registry.npmjs.org/lodash.includes/-/lodash.includes-4.3.0.tgz 0ms (cache hit)
308 http cache lodash.isnumber@https://registry.npmjs.org/lodash.isnumber/-/lodash.isnumber-3.0.3.tgz 0ms (cache hit)
309 http cache kareem@https://registry.npmjs.org/kareem/-/kareem-3.2.0.tgz 0ms (cache hit)
310 http cache jws@https://registry.npmjs.org/jws/-/jws-4.0.1.tgz 1ms (cache hit)
311 http cache jsonwebtoken@https://registry.npmjs.org/jsonwebtoken/-/jsonwebtoken-9.0.3.tgz 0ms (cache hit)
312 http cache is-promise@https://registry.npmjs.org/is-promise/-/is-promise-4.0.0.tgz 0ms (cache hit)
313 http cache jwa@https://registry.npmjs.org/jwa/-/jwa-2.0.1.tgz 0ms (cache hit)
314 http cache is-number@https://registry.npmjs.org/is-number/-/is-number-7.0.0.tgz 0ms (cache hit)
315 http cache is-extglob@https://registry.npmjs.org/is-extglob/-/is-extglob-2.1.1.tgz 0ms (cache hit)
316 http cache is-glob@https://registry.npmjs.org/is-glob/-/is-glob-4.0.3.tgz 0ms (cache hit)
317 http cache is-binary-path@https://registry.npmjs.org/is-binary-path/-/is-binary-path-2.1.0.tgz 0ms (cache hit)
318 http cache ipaddr.js@https://registry.npmjs.org/ipaddr.js/-/ipaddr.js-1.9.1.tgz 0ms (cache hit)
319 http cache inherits@https://registry.npmjs.org/inherits/-/inherits-2.0.4.tgz 1ms (cache hit)
320 http cache iconv-lite@https://registry.npmjs.org/iconv-lite/-/iconv-lite-0.7.2.tgz 0ms (cache hit)
321 http cache ignore-by-default@https://registry.npmjs.org/ignore-by-default/-/ignore-by-default-1.0.1.tgz 0ms (cache hit)
322 http cache http-errors@https://registry.npmjs.org/http-errors/-/http-errors-2.0.1.tgz 0ms (cache hit)
323 http cache hasown@https://registry.npmjs.org/hasown/-/hasown-2.0.2.tgz 1ms (cache hit)
324 http cache has-symbols@https://registry.npmjs.org/has-symbols/-/has-symbols-1.1.0.tgz 0ms (cache hit)
325 http cache has-flag@https://registry.npmjs.org/has-flag/-/has-flag-3.0.0.tgz 0ms (cache hit)
326 http cache gopd@https://registry.npmjs.org/gopd/-/gopd-1.2.0.tgz 0ms (cache hit)
327 http cache glob-parent@https://registry.npmjs.org/glob-parent/-/glob-parent-5.1.2.tgz 0ms (cache hit)
328 http cache get-intrinsic@https://registry.npmjs.org/get-intrinsic/-/get-intrinsic-1.3.0.tgz 0ms (cache hit)
329 http cache fresh@https://registry.npmjs.org/fresh/-/fresh-2.0.0.tgz 0ms (cache hit)
330 http cache get-proto@https://registry.npmjs.org/get-proto/-/get-proto-1.0.1.tgz 0ms (cache hit)
331 http cache forwarded@https://registry.npmjs.org/forwarded/-/forwarded-0.2.0.tgz 0ms (cache hit)
332 http cache function-bind@https://registry.npmjs.org/function-bind/-/function-bind-1.1.2.tgz 0ms (cache hit)
333 http cache finalhandler@https://registry.npmjs.org/finalhandler/-/finalhandler-2.1.1.tgz 0ms (cache hit)
334 http cache fill-range@https://registry.npmjs.org/fill-range/-/fill-range-7.1.1.tgz 0ms (cache hit)
335 http cache express@https://registry.npmjs.org/express/-/express-5.2.1.tgz 0ms (cache hit)
336 http cache etag@https://registry.npmjs.org/etag/-/etag-1.8.1.tgz 0ms (cache hit)
337 http cache escape-html@https://registry.npmjs.org/escape-html/-/escape-html-1.0.3.tgz 0ms (cache hit)
338 http cache es-object-atoms@https://registry.npmjs.org/es-object-atoms/-/es-object-atoms-1.1.1.tgz 0ms (cache hit)
339 http cache es-errors@https://registry.npmjs.org/es-errors/-/es-errors-1.3.0.tgz 0ms (cache hit)
340 http cache es-define-property@https://registry.npmjs.org/es-define-property/-/es-define-property-1.0.1.tgz 0ms (cache hit)
341 http cache encodeurl@https://registry.npmjs.org/encodeurl/-/encodeurl-2.0.0.tgz 0ms (cache hit)
342 http cache ee-first@https://registry.npmjs.org/ee-first/-/ee-first-1.1.1.tgz 1ms (cache hit)
343 http cache dunder-proto@https://registry.npmjs.org/dunder-proto/-/dunder-proto-1.0.1.tgz 0ms (cache hit)
344 http cache ecdsa-sig-formatter@https://registry.npmjs.org/ecdsa-sig-formatter/-/ecdsa-sig-formatter-1.0.11.tgz 0ms (cache hit)
345 http cache depd@https://registry.npmjs.org/depd/-/depd-2.0.0.tgz 0ms (cache hit)
346 http cache dotenv@https://registry.npmjs.org/dotenv/-/dotenv-17.4.0.tgz 0ms (cache hit)
347 http cache debug@https://registry.npmjs.org/debug/-/debug-4.4.3.tgz 0ms (cache hit)
348 http cache cors@https://registry.npmjs.org/cors/-/cors-2.8.6.tgz 0ms (cache hit)
349 http cache cookie@https://registry.npmjs.org/cookie/-/cookie-0.7.2.tgz 0ms (cache hit)
350 http cache cookie-signature@https://registry.npmjs.org/cookie-signature/-/cookie-signature-1.2.2.tgz 1ms (cache hit)
351 http cache content-type@https://registry.npmjs.org/content-type/-/content-type-1.0.5.tgz 0ms (cache hit)
352 http cache content-disposition@https://registry.npmjs.org/content-disposition/-/content-disposition-1.0.1.tgz 0ms (cache hit)
353 http cache chokidar@https://registry.npmjs.org/chokidar/-/chokidar-3.6.0.tgz 0ms (cache hit)
354 http cache call-bound@https://registry.npmjs.org/call-bound/-/call-bound-1.0.4.tgz 0ms (cache hit)
355 http cache bytes@https://registry.npmjs.org/bytes/-/bytes-3.1.2.tgz 0ms (cache hit)
356 http cache call-bind-apply-helpers@https://registry.npmjs.org/call-bind-apply-helpers/-/call-bind-apply-helpers-1.0.2.tgz 0ms (cache hit)
357 http cache buffer-equal-constant-time@https://registry.npmjs.org/buffer-equal-constant-time/-/buffer-equal-constant-time-1.0.1.tgz 0ms (cache hit)
358 http cache bson@https://registry.npmjs.org/bson/-/bson-7.2.0.tgz 0ms (cache hit)
359 http cache braces@https://registry.npmjs.org/braces/-/braces-3.0.3.tgz 0ms (cache hit)
360 http cache brace-expansion@https://registry.npmjs.org/brace-expansion/-/brace-expansion-5.0.5.tgz 0ms (cache hit)
361 http cache body-parser@https://registry.npmjs.org/body-parser/-/body-parser-2.2.2.tgz 0ms (cache hit)
362 http cache binary-extensions@https://registry.npmjs.org/binary-extensions/-/binary-extensions-2.3.0.tgz 0ms (cache hit)
363 http cache balanced-match@https://registry.npmjs.org/balanced-match/-/balanced-match-4.0.4.tgz 0ms (cache hit)
364 http cache bcrypt@https://registry.npmjs.org/bcrypt/-/bcrypt-6.0.0.tgz 0ms (cache hit)
365 http cache anymatch@https://registry.npmjs.org/anymatch/-/anymatch-3.1.3.tgz 0ms (cache hit)
366 http cache accepts@https://registry.npmjs.org/accepts/-/accepts-2.0.0.tgz 0ms (cache hit)
367 http cache @types/whatwg-url@https://registry.npmjs.org/@types/whatwg-url/-/whatwg-url-13.0.0.tgz 0ms (cache hit)
368 http cache @types/webidl-conversions@https://registry.npmjs.org/@types/webidl-conversions/-/webidl-conversions-7.0.3.tgz 1ms (cache hit)
369 http cache @mongodb-js/saslprep@https://registry.npmjs.org/@mongodb-js/saslprep/-/saslprep-1.4.6.tgz 0ms (cache hit)
370 http cache mime-db@https://registry.npmjs.org/mime-db/-/mime-db-1.52.0.tgz 0ms (cache hit)
371 http cache negotiator@https://registry.npmjs.org/negotiator/-/negotiator-0.6.3.tgz 0ms (cache hit)
372 http cache accepts@https://registry.npmjs.org/accepts/-/accepts-1.3.8.tgz 0ms (cache hit)
373 http cache negotiator@https://registry.npmjs.org/negotiator/-/negotiator-0.6.3.tgz 0ms (cache hit)
374 http cache mime-types@https://registry.npmjs.org/mime-types/-/mime-types-2.1.35.tgz 0ms (cache hit)
375 http cache mime-types@https://registry.npmjs.org/mime-types/-/mime-types-2.1.35.tgz 0ms (cache hit)
376 http cache mime-db@https://registry.npmjs.org/mime-db/-/mime-db-1.52.0.tgz 0ms (cache hit)
377 http cache mime-db@https://registry.npmjs.org/mime-db/-/mime-db-1.52.0.tgz 0ms (cache hit)
378 http cache mime-types@https://registry.npmjs.org/mime-types/-/mime-types-2.1.35.tgz 0ms (cache hit)
379 silly tarball no local data for @socket.io/component-emitter@https://registry.npmjs.org/@socket.io/component-emitter/-/component-emitter-3.1.2.tgz. Extracting by manifest.
380 http cache accepts@https://registry.npmjs.org/accepts/-/accepts-1.3.8.tgz 0ms (cache hit)
381 silly tarball no local data for @types/node@https://registry.npmjs.org/@types/node/-/node-25.6.0.tgz. Extracting by manifest.
382 silly tarball no local data for undici-types@https://registry.npmjs.org/undici-types/-/undici-types-7.19.2.tgz. Extracting by manifest.
383 silly tarball no local data for ws@https://registry.npmjs.org/ws/-/ws-8.18.3.tgz. Extracting by manifest.
384 silly tarball no local data for engine.io-parser@https://registry.npmjs.org/engine.io-parser/-/engine.io-parser-5.2.3.tgz. Extracting by manifest.
385 silly tarball no local data for @types/cors@https://registry.npmjs.org/@types/cors/-/cors-2.8.19.tgz. Extracting by manifest.
386 silly tarball no local data for socket.io-parser@https://registry.npmjs.org/socket.io-parser/-/socket.io-parser-4.2.6.tgz. Extracting by manifest.
387 silly tarball no local data for @types/ws@https://registry.npmjs.org/@types/ws/-/ws-8.18.1.tgz. Extracting by manifest.
388 silly tarball no local data for socket.io-adapter@https://registry.npmjs.org/socket.io-adapter/-/socket.io-adapter-2.5.6.tgz. Extracting by manifest.
389 silly tarball no local data for engine.io@https://registry.npmjs.org/engine.io/-/engine.io-6.6.6.tgz. Extracting by manifest.
390 silly tarball no local data for redis-parser@https://registry.npmjs.org/redis-parser/-/redis-parser-3.0.0.tgz. Extracting by manifest.
391 silly tarball no local data for base64id@https://registry.npmjs.org/base64id/-/base64id-2.0.0.tgz. Extracting by manifest.
392 silly tarball no local data for standard-as-callback@https://registry.npmjs.org/standard-as-callback/-/standard-as-callback-2.1.0.tgz. Extracting by manifest.
393 silly tarball no local data for redis-errors@https://registry.npmjs.org/redis-errors/-/redis-errors-1.2.0.tgz. Extracting by manifest.
394 silly tarball no local data for lodash.isarguments@https://registry.npmjs.org/lodash.isarguments/-/lodash.isarguments-3.1.0.tgz. Extracting by manifest.
395 silly tarball no local data for cluster-key-slot@https://registry.npmjs.org/cluster-key-slot/-/cluster-key-slot-1.1.2.tgz. Extracting by manifest.
396 silly tarball no local data for lodash.defaults@https://registry.npmjs.org/lodash.defaults/-/lodash.defaults-4.2.0.tgz. Extracting by manifest.
397 silly tarball no local data for denque@https://registry.npmjs.org/denque/-/denque-2.1.0.tgz. Extracting by manifest.
398 silly tarball no local data for @ioredis/commands@https://registry.npmjs.org/@ioredis/commands/-/commands-1.5.1.tgz. Extracting by manifest.
399 silly tarball no local data for delayed-stream@https://registry.npmjs.org/delayed-stream/-/delayed-stream-1.0.0.tgz. Extracting by manifest.
400 silly tarball no local data for es-set-tostringtag@https://registry.npmjs.org/es-set-tostringtag/-/es-set-tostringtag-2.1.0.tgz. Extracting by manifest.
401 silly tarball no local data for asynckit@https://registry.npmjs.org/asynckit/-/asynckit-0.4.0.tgz. Extracting by manifest.
402 silly tarball no local data for combined-stream@https://registry.npmjs.org/combined-stream/-/combined-stream-1.0.8.tgz. Extracting by manifest.
403 silly tarball no local data for proxy-from-env@https://registry.npmjs.org/proxy-from-env/-/proxy-from-env-2.1.0.tgz. Extracting by manifest.
404 silly tarball no local data for has-tostringtag@https://registry.npmjs.org/has-tostringtag/-/has-tostringtag-1.0.2.tgz. Extracting by manifest.
405 silly tarball no local data for form-data@https://registry.npmjs.org/form-data/-/form-data-4.0.5.tgz. Extracting by manifest.
406 silly tarball no local data for follow-redirects@https://registry.npmjs.org/follow-redirects/-/follow-redirects-1.16.0.tgz. Extracting by manifest.
407 silly tarball no local data for ioredis@https://registry.npmjs.org/ioredis/-/ioredis-5.10.1.tgz. Extracting by manifest.
408 silly tarball no local data for axios@https://registry.npmjs.org/axios/-/axios-1.15.0.tgz. Extracting by manifest.
409 silly tarball no local data for whatwg-url@https://registry.npmjs.org/whatwg-url/-/whatwg-url-14.2.0.tgz. Extracting by manifest.
410 silly tarball no local data for socket.io@https://registry.npmjs.org/socket.io/-/socket.io-4.8.3.tgz. Extracting by manifest.
411 silly tarball no local data for wrappy@https://registry.npmjs.org/wrappy/-/wrappy-1.0.2.tgz. Extracting by manifest.
412 silly tarball no local data for webidl-conversions@https://registry.npmjs.org/webidl-conversions/-/webidl-conversions-7.0.0.tgz. Extracting by manifest.
413 silly tarball no local data for vary@https://registry.npmjs.org/vary/-/vary-1.1.2.tgz. Extracting by manifest.
414 silly tarball no local data for undefsafe@https://registry.npmjs.org/undefsafe/-/undefsafe-2.0.5.tgz. Extracting by manifest.
415 silly tarball no local data for unpipe@https://registry.npmjs.org/unpipe/-/unpipe-1.0.0.tgz. Extracting by manifest.
416 silly tarball no local data for type-is@https://registry.npmjs.org/type-is/-/type-is-2.0.1.tgz. Extracting by manifest.
417 silly tarball no local data for tr46@https://registry.npmjs.org/tr46/-/tr46-5.1.1.tgz. Extracting by manifest.
418 silly tarball no local data for touch@https://registry.npmjs.org/touch/-/touch-3.1.1.tgz. Extracting by manifest.
419 silly tarball no local data for to-regex-range@https://registry.npmjs.org/to-regex-range/-/to-regex-range-5.0.1.tgz. Extracting by manifest.
420 silly tarball no local data for toidentifier@https://registry.npmjs.org/toidentifier/-/toidentifier-1.0.1.tgz. Extracting by manifest.
421 silly tarball no local data for supports-color@https://registry.npmjs.org/supports-color/-/supports-color-5.5.0.tgz. Extracting by manifest.
422 silly tarball no local data for sparse-bitfield@https://registry.npmjs.org/sparse-bitfield/-/sparse-bitfield-3.0.3.tgz. Extracting by manifest.
423 silly tarball no local data for statuses@https://registry.npmjs.org/statuses/-/statuses-2.0.2.tgz. Extracting by manifest.
424 silly tarball no local data for simple-update-notifier@https://registry.npmjs.org/simple-update-notifier/-/simple-update-notifier-2.0.0.tgz. Extracting by manifest.
425 silly tarball no local data for side-channel-weakmap@https://registry.npmjs.org/side-channel-weakmap/-/side-channel-weakmap-1.0.2.tgz. Extracting by manifest.
426 silly tarball no local data for side-channel-map@https://registry.npmjs.org/side-channel-map/-/side-channel-map-1.0.1.tgz. Extracting by manifest.
427 silly tarball no local data for side-channel-list@https://registry.npmjs.org/side-channel-list/-/side-channel-list-1.0.0.tgz. Extracting by manifest.
428 silly tarball no local data for sift@https://registry.npmjs.org/sift/-/sift-17.1.3.tgz. Extracting by manifest.
429 silly tarball no local data for side-channel@https://registry.npmjs.org/side-channel/-/side-channel-1.1.0.tgz. Extracting by manifest.
430 silly tarball no local data for setprototypeof@https://registry.npmjs.org/setprototypeof/-/setprototypeof-1.2.0.tgz. Extracting by manifest.
431 silly tarball no local data for serve-static@https://registry.npmjs.org/serve-static/-/serve-static-2.2.1.tgz. Extracting by manifest.
432 silly tarball no local data for send@https://registry.npmjs.org/send/-/send-1.2.1.tgz. Extracting by manifest.
433 silly tarball no local data for semver@https://registry.npmjs.org/semver/-/semver-7.7.4.tgz. Extracting by manifest.
434 silly tarball no local data for safer-buffer@https://registry.npmjs.org/safer-buffer/-/safer-buffer-2.1.2.tgz. Extracting by manifest.
435 silly tarball no local data for router@https://registry.npmjs.org/router/-/router-2.2.0.tgz. Extracting by manifest.
436 silly tarball no local data for safe-buffer@https://registry.npmjs.org/safe-buffer/-/safe-buffer-5.2.1.tgz. Extracting by manifest.
437 silly tarball no local data for readdirp@https://registry.npmjs.org/readdirp/-/readdirp-3.6.0.tgz. Extracting by manifest.
438 silly tarball no local data for raw-body@https://registry.npmjs.org/raw-body/-/raw-body-3.0.2.tgz. Extracting by manifest.
439 silly tarball no local data for qs@https://registry.npmjs.org/qs/-/qs-6.15.0.tgz. Extracting by manifest.
440 silly tarball no local data for range-parser@https://registry.npmjs.org/range-parser/-/range-parser-1.2.1.tgz. Extracting by manifest.
441 silly tarball no local data for punycode@https://registry.npmjs.org/punycode/-/punycode-2.3.1.tgz. Extracting by manifest.
442 silly tarball no local data for pstree.remy@https://registry.npmjs.org/pstree.remy/-/pstree.remy-1.1.8.tgz. Extracting by manifest.
443 silly tarball no local data for path-to-regexp@https://registry.npmjs.org/path-to-regexp/-/path-to-regexp-8.4.2.tgz. Extracting by manifest.
444 silly tarball no local data for proxy-addr@https://registry.npmjs.org/proxy-addr/-/proxy-addr-2.0.7.tgz. Extracting by manifest.
445 silly tarball no local data for parseurl@https://registry.npmjs.org/parseurl/-/parseurl-1.3.3.tgz. Extracting by manifest.
446 silly tarball no local data for picomatch@https://registry.npmjs.org/picomatch/-/picomatch-2.3.2.tgz. Extracting by manifest.
447 silly tarball no local data for once@https://registry.npmjs.org/once/-/once-1.4.0.tgz. Extracting by manifest.
448 silly tarball no local data for object-inspect@https://registry.npmjs.org/object-inspect/-/object-inspect-1.13.4.tgz. Extracting by manifest.
449 silly tarball no local data for object-assign@https://registry.npmjs.org/object-assign/-/object-assign-4.1.1.tgz. Extracting by manifest.
450 silly tarball no local data for normalize-path@https://registry.npmjs.org/normalize-path/-/normalize-path-3.0.0.tgz. Extracting by manifest.
451 silly tarball no local data for nodemon@https://registry.npmjs.org/nodemon/-/nodemon-3.1.14.tgz. Extracting by manifest.
452 silly tarball no local data for node-gyp-build@https://registry.npmjs.org/node-gyp-build/-/node-gyp-build-4.8.4.tgz. Extracting by manifest.
453 silly tarball no local data for node-cron@https://registry.npmjs.org/node-cron/-/node-cron-4.2.1.tgz. Extracting by manifest.
454 silly tarball no local data for node-addon-api@https://registry.npmjs.org/node-addon-api/-/node-addon-api-8.7.0.tgz. Extracting by manifest.
455 silly tarball no local data for on-finished@https://registry.npmjs.org/on-finished/-/on-finished-2.4.1.tgz. Extracting by manifest.
456 silly tarball no local data for ms@https://registry.npmjs.org/ms/-/ms-2.1.3.tgz. Extracting by manifest.
457 silly tarball no local data for negotiator@https://registry.npmjs.org/negotiator/-/negotiator-1.0.0.tgz. Extracting by manifest.
458 silly tarball no local data for mquery@https://registry.npmjs.org/mquery/-/mquery-6.0.0.tgz. Extracting by manifest.
459 silly tarball no local data for mpath@https://registry.npmjs.org/mpath/-/mpath-0.9.0.tgz. Extracting by manifest.
460 silly tarball no local data for mongoose@https://registry.npmjs.org/mongoose/-/mongoose-9.3.3.tgz. Extracting by manifest.
461 silly tarball no local data for mongodb@https://registry.npmjs.org/mongodb/-/mongodb-7.1.1.tgz. Extracting by manifest.
462 silly tarball no local data for minimatch@https://registry.npmjs.org/minimatch/-/minimatch-10.2.5.tgz. Extracting by manifest.
463 silly tarball no local data for mongodb-connection-string-url@https://registry.npmjs.org/mongodb-connection-string-url/-/mongodb-connection-string-url-7.0.1.tgz. Extracting by manifest.
464 silly tarball no local data for mime-types@https://registry.npmjs.org/mime-types/-/mime-types-3.0.2.tgz. Extracting by manifest.
465 silly tarball no local data for merge-descriptors@https://registry.npmjs.org/merge-descriptors/-/merge-descriptors-2.0.0.tgz. Extracting by manifest.
466 silly tarball no local data for memory-pager@https://registry.npmjs.org/memory-pager/-/memory-pager-1.5.0.tgz. Extracting by manifest.
467 silly tarball no local data for media-typer@https://registry.npmjs.org/media-typer/-/media-typer-1.1.0.tgz. Extracting by manifest.
468 silly tarball no local data for math-intrinsics@https://registry.npmjs.org/math-intrinsics/-/math-intrinsics-1.1.0.tgz. Extracting by manifest.
469 silly tarball no local data for lodash.once@https://registry.npmjs.org/lodash.once/-/lodash.once-4.1.1.tgz. Extracting by manifest.
470 silly tarball no local data for lodash.isplainobject@https://registry.npmjs.org/lodash.isplainobject/-/lodash.isplainobject-4.0.6.tgz. Extracting by manifest.
471 silly tarball no local data for mime-db@https://registry.npmjs.org/mime-db/-/mime-db-1.54.0.tgz. Extracting by manifest.
472 silly tarball no local data for lodash.isstring@https://registry.npmjs.org/lodash.isstring/-/lodash.isstring-4.0.1.tgz. Extracting by manifest.
473 silly tarball no local data for lodash.isboolean@https://registry.npmjs.org/lodash.isboolean/-/lodash.isboolean-3.0.3.tgz. Extracting by manifest.
474 silly tarball no local data for lodash.isinteger@https://registry.npmjs.org/lodash.isinteger/-/lodash.isinteger-4.0.4.tgz. Extracting by manifest.
475 silly tarball no local data for lodash.includes@https://registry.npmjs.org/lodash.includes/-/lodash.includes-4.3.0.tgz. Extracting by manifest.
476 silly tarball no local data for lodash.isnumber@https://registry.npmjs.org/lodash.isnumber/-/lodash.isnumber-3.0.3.tgz. Extracting by manifest.
477 silly tarball no local data for kareem@https://registry.npmjs.org/kareem/-/kareem-3.2.0.tgz. Extracting by manifest.
478 silly tarball no local data for jws@https://registry.npmjs.org/jws/-/jws-4.0.1.tgz. Extracting by manifest.
479 silly tarball no local data for jsonwebtoken@https://registry.npmjs.org/jsonwebtoken/-/jsonwebtoken-9.0.3.tgz. Extracting by manifest.
480 silly tarball no local data for is-promise@https://registry.npmjs.org/is-promise/-/is-promise-4.0.0.tgz. Extracting by manifest.
481 silly tarball no local data for jwa@https://registry.npmjs.org/jwa/-/jwa-2.0.1.tgz. Extracting by manifest.
482 silly tarball no local data for is-number@https://registry.npmjs.org/is-number/-/is-number-7.0.0.tgz. Extracting by manifest.
483 silly tarball no local data for is-extglob@https://registry.npmjs.org/is-extglob/-/is-extglob-2.1.1.tgz. Extracting by manifest.
484 silly tarball no local data for is-glob@https://registry.npmjs.org/is-glob/-/is-glob-4.0.3.tgz. Extracting by manifest.
485 silly tarball no local data for is-binary-path@https://registry.npmjs.org/is-binary-path/-/is-binary-path-2.1.0.tgz. Extracting by manifest.
486 silly tarball no local data for ipaddr.js@https://registry.npmjs.org/ipaddr.js/-/ipaddr.js-1.9.1.tgz. Extracting by manifest.
487 silly tarball no local data for inherits@https://registry.npmjs.org/inherits/-/inherits-2.0.4.tgz. Extracting by manifest.
488 silly tarball no local data for iconv-lite@https://registry.npmjs.org/iconv-lite/-/iconv-lite-0.7.2.tgz. Extracting by manifest.
489 silly tarball no local data for ignore-by-default@https://registry.npmjs.org/ignore-by-default/-/ignore-by-default-1.0.1.tgz. Extracting by manifest.
490 silly tarball no local data for http-errors@https://registry.npmjs.org/http-errors/-/http-errors-2.0.1.tgz. Extracting by manifest.
491 silly tarball no local data for hasown@https://registry.npmjs.org/hasown/-/hasown-2.0.2.tgz. Extracting by manifest.
492 silly tarball no local data for has-symbols@https://registry.npmjs.org/has-symbols/-/has-symbols-1.1.0.tgz. Extracting by manifest.
493 silly tarball no local data for has-flag@https://registry.npmjs.org/has-flag/-/has-flag-3.0.0.tgz. Extracting by manifest.
494 silly tarball no local data for gopd@https://registry.npmjs.org/gopd/-/gopd-1.2.0.tgz. Extracting by manifest.
495 silly tarball no local data for glob-parent@https://registry.npmjs.org/glob-parent/-/glob-parent-5.1.2.tgz. Extracting by manifest.
496 silly tarball no local data for get-intrinsic@https://registry.npmjs.org/get-intrinsic/-/get-intrinsic-1.3.0.tgz. Extracting by manifest.
497 silly tarball no local data for fresh@https://registry.npmjs.org/fresh/-/fresh-2.0.0.tgz. Extracting by manifest.
498 silly tarball no local data for get-proto@https://registry.npmjs.org/get-proto/-/get-proto-1.0.1.tgz. Extracting by manifest.
499 silly tarball no local data for forwarded@https://registry.npmjs.org/forwarded/-/forwarded-0.2.0.tgz. Extracting by manifest.
500 silly tarball no local data for function-bind@https://registry.npmjs.org/function-bind/-/function-bind-1.1.2.tgz. Extracting by manifest.
501 silly tarball no local data for finalhandler@https://registry.npmjs.org/finalhandler/-/finalhandler-2.1.1.tgz. Extracting by manifest.
502 silly tarball no local data for fill-range@https://registry.npmjs.org/fill-range/-/fill-range-7.1.1.tgz. Extracting by manifest.
503 silly tarball no local data for express@https://registry.npmjs.org/express/-/express-5.2.1.tgz. Extracting by manifest.
504 silly tarball no local data for etag@https://registry.npmjs.org/etag/-/etag-1.8.1.tgz. Extracting by manifest.
505 silly tarball no local data for escape-html@https://registry.npmjs.org/escape-html/-/escape-html-1.0.3.tgz. Extracting by manifest.
506 silly tarball no local data for es-object-atoms@https://registry.npmjs.org/es-object-atoms/-/es-object-atoms-1.1.1.tgz. Extracting by manifest.
507 silly tarball no local data for es-errors@https://registry.npmjs.org/es-errors/-/es-errors-1.3.0.tgz. Extracting by manifest.
508 silly tarball no local data for es-define-property@https://registry.npmjs.org/es-define-property/-/es-define-property-1.0.1.tgz. Extracting by manifest.
509 silly tarball no local data for encodeurl@https://registry.npmjs.org/encodeurl/-/encodeurl-2.0.0.tgz. Extracting by manifest.
510 silly tarball no local data for ee-first@https://registry.npmjs.org/ee-first/-/ee-first-1.1.1.tgz. Extracting by manifest.
511 silly tarball no local data for dunder-proto@https://registry.npmjs.org/dunder-proto/-/dunder-proto-1.0.1.tgz. Extracting by manifest.
512 silly tarball no local data for ecdsa-sig-formatter@https://registry.npmjs.org/ecdsa-sig-formatter/-/ecdsa-sig-formatter-1.0.11.tgz. Extracting by manifest.
513 silly tarball no local data for depd@https://registry.npmjs.org/depd/-/depd-2.0.0.tgz. Extracting by manifest.
514 silly tarball no local data for dotenv@https://registry.npmjs.org/dotenv/-/dotenv-17.4.0.tgz. Extracting by manifest.
515 silly tarball no local data for debug@https://registry.npmjs.org/debug/-/debug-4.4.3.tgz. Extracting by manifest.
516 silly tarball no local data for cors@https://registry.npmjs.org/cors/-/cors-2.8.6.tgz. Extracting by manifest.
517 silly tarball no local data for cookie@https://registry.npmjs.org/cookie/-/cookie-0.7.2.tgz. Extracting by manifest.
518 silly tarball no local data for cookie-signature@https://registry.npmjs.org/cookie-signature/-/cookie-signature-1.2.2.tgz. Extracting by manifest.
519 silly tarball no local data for content-type@https://registry.npmjs.org/content-type/-/content-type-1.0.5.tgz. Extracting by manifest.
520 silly tarball no local data for content-disposition@https://registry.npmjs.org/content-disposition/-/content-disposition-1.0.1.tgz. Extracting by manifest.
521 silly tarball no local data for chokidar@https://registry.npmjs.org/chokidar/-/chokidar-3.6.0.tgz. Extracting by manifest.
522 silly tarball no local data for call-bound@https://registry.npmjs.org/call-bound/-/call-bound-1.0.4.tgz. Extracting by manifest.
523 silly tarball no local data for bytes@https://registry.npmjs.org/bytes/-/bytes-3.1.2.tgz. Extracting by manifest.
524 silly tarball no local data for call-bind-apply-helpers@https://registry.npmjs.org/call-bind-apply-helpers/-/call-bind-apply-helpers-1.0.2.tgz. Extracting by manifest.
525 silly tarball no local data for buffer-equal-constant-time@https://registry.npmjs.org/buffer-equal-constant-time/-/buffer-equal-constant-time-1.0.1.tgz. Extracting by manifest.
526 silly tarball no local data for bson@https://registry.npmjs.org/bson/-/bson-7.2.0.tgz. Extracting by manifest.
527 silly tarball no local data for braces@https://registry.npmjs.org/braces/-/braces-3.0.3.tgz. Extracting by manifest.
528 silly tarball no local data for brace-expansion@https://registry.npmjs.org/brace-expansion/-/brace-expansion-5.0.5.tgz. Extracting by manifest.
529 silly tarball no local data for body-parser@https://registry.npmjs.org/body-parser/-/body-parser-2.2.2.tgz. Extracting by manifest.
530 silly tarball no local data for binary-extensions@https://registry.npmjs.org/binary-extensions/-/binary-extensions-2.3.0.tgz. Extracting by manifest.
531 silly tarball no local data for balanced-match@https://registry.npmjs.org/balanced-match/-/balanced-match-4.0.4.tgz. Extracting by manifest.
532 silly tarball no local data for bcrypt@https://registry.npmjs.org/bcrypt/-/bcrypt-6.0.0.tgz. Extracting by manifest.
533 silly tarball no local data for anymatch@https://registry.npmjs.org/anymatch/-/anymatch-3.1.3.tgz. Extracting by manifest.
534 silly tarball no local data for accepts@https://registry.npmjs.org/accepts/-/accepts-2.0.0.tgz. Extracting by manifest.
535 silly tarball no local data for @types/whatwg-url@https://registry.npmjs.org/@types/whatwg-url/-/whatwg-url-13.0.0.tgz. Extracting by manifest.
536 silly tarball no local data for @types/webidl-conversions@https://registry.npmjs.org/@types/webidl-conversions/-/webidl-conversions-7.0.3.tgz. Extracting by manifest.
537 silly tarball no local data for @mongodb-js/saslprep@https://registry.npmjs.org/@mongodb-js/saslprep/-/saslprep-1.4.6.tgz. Extracting by manifest.
538 silly tarball no local data for mime-db@https://registry.npmjs.org/mime-db/-/mime-db-1.52.0.tgz. Extracting by manifest.
539 silly tarball no local data for negotiator@https://registry.npmjs.org/negotiator/-/negotiator-0.6.3.tgz. Extracting by manifest.
540 silly tarball no local data for accepts@https://registry.npmjs.org/accepts/-/accepts-1.3.8.tgz. Extracting by manifest.
541 silly tarball no local data for negotiator@https://registry.npmjs.org/negotiator/-/negotiator-0.6.3.tgz. Extracting by manifest.
542 silly tarball no local data for mime-types@https://registry.npmjs.org/mime-types/-/mime-types-2.1.35.tgz. Extracting by manifest.
543 silly tarball no local data for mime-types@https://registry.npmjs.org/mime-types/-/mime-types-2.1.35.tgz. Extracting by manifest.
544 silly tarball no local data for mime-db@https://registry.npmjs.org/mime-db/-/mime-db-1.52.0.tgz. Extracting by manifest.
545 silly tarball no local data for mime-db@https://registry.npmjs.org/mime-db/-/mime-db-1.52.0.tgz. Extracting by manifest.
546 silly tarball no local data for mime-types@https://registry.npmjs.org/mime-types/-/mime-types-2.1.35.tgz. Extracting by manifest.
547 silly tarball no local data for accepts@https://registry.npmjs.org/accepts/-/accepts-1.3.8.tgz. Extracting by manifest.
548 http fetch GET 200 https://registry.npmjs.org/@socket.io/component-emitter/-/component-emitter-3.1.2.tgz 1197ms (cache miss)
549 http fetch GET 200 https://registry.npmjs.org/socket.io-parser/-/socket.io-parser-4.2.6.tgz 1188ms (cache miss)
550 http fetch GET 200 https://registry.npmjs.org/@types/cors/-/cors-2.8.19.tgz 1190ms (cache miss)
551 http fetch GET 200 https://registry.npmjs.org/cluster-key-slot/-/cluster-key-slot-1.1.2.tgz 1180ms (cache miss)
552 http fetch GET 200 https://registry.npmjs.org/lodash.defaults/-/lodash.defaults-4.2.0.tgz 1185ms (cache miss)
553 http fetch GET 200 https://registry.npmjs.org/delayed-stream/-/delayed-stream-1.0.0.tgz 1180ms (cache miss)
554 http fetch GET 200 https://registry.npmjs.org/asynckit/-/asynckit-0.4.0.tgz 1179ms (cache miss)
555 http fetch GET 200 https://registry.npmjs.org/es-set-tostringtag/-/es-set-tostringtag-2.1.0.tgz 1183ms (cache miss)
556 http fetch GET 200 https://registry.npmjs.org/combined-stream/-/combined-stream-1.0.8.tgz 1271ms (cache miss)
557 http fetch GET 200 https://registry.npmjs.org/proxy-from-env/-/proxy-from-env-2.1.0.tgz 1273ms (cache miss)
558 http fetch GET 200 https://registry.npmjs.org/has-tostringtag/-/has-tostringtag-1.0.2.tgz 1297ms (cache miss)
559 http fetch GET 200 https://registry.npmjs.org/denque/-/denque-2.1.0.tgz 1412ms (cache miss)
560 http fetch GET 200 https://registry.npmjs.org/lodash.isarguments/-/lodash.isarguments-3.1.0.tgz 1430ms (cache miss)
561 http fetch GET 200 https://registry.npmjs.org/base64id/-/base64id-2.0.0.tgz 1436ms (cache miss)
562 http fetch GET 200 https://registry.npmjs.org/vary/-/vary-1.1.2.tgz 1400ms (cache miss)
563 http fetch GET 200 https://registry.npmjs.org/undefsafe/-/undefsafe-2.0.5.tgz 1477ms (cache miss)
564 http fetch GET 200 https://registry.npmjs.org/wrappy/-/wrappy-1.0.2.tgz 1490ms (cache miss)
565 http fetch GET 200 https://registry.npmjs.org/webidl-conversions/-/webidl-conversions-7.0.0.tgz 1638ms (cache miss)
566 http fetch GET 200 https://registry.npmjs.org/unpipe/-/unpipe-1.0.0.tgz 1881ms (cache miss)
567 http fetch GET 200 https://registry.npmjs.org/follow-redirects/-/follow-redirects-1.16.0.tgz 1994ms (cache miss)
568 http fetch GET 200 https://registry.npmjs.org/touch/-/touch-3.1.1.tgz 2060ms (cache miss)
569 http fetch GET 200 https://registry.npmjs.org/supports-color/-/supports-color-5.5.0.tgz 2056ms (cache miss)
570 http fetch GET 200 https://registry.npmjs.org/toidentifier/-/toidentifier-1.0.1.tgz 2063ms (cache miss)
571 http fetch GET 200 https://registry.npmjs.org/@types/ws/-/ws-8.18.1.tgz 2127ms (cache miss)
572 http fetch GET 200 https://registry.npmjs.org/redis-errors/-/redis-errors-1.2.0.tgz 2115ms (cache miss)
573 http fetch GET 200 https://registry.npmjs.org/@ioredis/commands/-/commands-1.5.1.tgz 2271ms (cache miss)
574 http fetch GET 200 https://registry.npmjs.org/side-channel-map/-/side-channel-map-1.0.1.tgz 2223ms (cache miss)
575 http fetch GET 200 https://registry.npmjs.org/side-channel-list/-/side-channel-list-1.0.0.tgz 2223ms (cache miss)
576 http fetch GET 200 https://registry.npmjs.org/simple-update-notifier/-/simple-update-notifier-2.0.0.tgz 2231ms (cache miss)
577 http fetch GET 200 https://registry.npmjs.org/range-parser/-/range-parser-1.2.1.tgz 2575ms (cache miss)
578 http fetch GET 200 https://registry.npmjs.org/safe-buffer/-/safe-buffer-5.2.1.tgz 2594ms (cache miss)
579 http fetch GET 200 https://registry.npmjs.org/punycode/-/punycode-2.3.1.tgz 2581ms (cache miss)
580 http fetch GET 200 https://registry.npmjs.org/sparse-bitfield/-/sparse-bitfield-3.0.3.tgz 2701ms (cache miss)
581 http fetch GET 200 https://registry.npmjs.org/once/-/once-1.4.0.tgz 2661ms (cache miss)
582 http fetch GET 200 https://registry.npmjs.org/readdirp/-/readdirp-3.6.0.tgz 2736ms (cache miss)
583 http fetch GET 200 https://registry.npmjs.org/setprototypeof/-/setprototypeof-1.2.0.tgz 2808ms (cache miss)
584 http fetch GET 200 https://registry.npmjs.org/ms/-/ms-2.1.3.tgz 2772ms (cache miss)
585 http fetch GET 200 https://registry.npmjs.org/type-is/-/type-is-2.0.1.tgz 2908ms (cache miss)
586 http fetch GET 200 https://registry.npmjs.org/form-data/-/form-data-4.0.5.tgz 2930ms (cache miss)
587 http fetch GET 200 https://registry.npmjs.org/statuses/-/statuses-2.0.2.tgz 2901ms (cache miss)
588 http fetch GET 200 https://registry.npmjs.org/object-assign/-/object-assign-4.1.1.tgz 2859ms (cache miss)
589 http fetch GET 200 https://registry.npmjs.org/normalize-path/-/normalize-path-3.0.0.tgz 2971ms (cache miss)
590 http fetch GET 200 https://registry.npmjs.org/parseurl/-/parseurl-1.3.3.tgz 2981ms (cache miss)
591 http fetch GET 200 https://registry.npmjs.org/lodash.includes/-/lodash.includes-4.3.0.tgz 2925ms (cache miss)
592 http fetch GET 200 https://registry.npmjs.org/to-regex-range/-/to-regex-range-5.0.1.tgz 3075ms (cache miss)
593 http fetch GET 200 https://registry.npmjs.org/redis-parser/-/redis-parser-3.0.0.tgz 3190ms (cache miss)
594 http fetch GET 200 https://registry.npmjs.org/on-finished/-/on-finished-2.4.1.tgz 3076ms (cache miss)
595 http fetch GET 200 https://registry.npmjs.org/lodash.isplainobject/-/lodash.isplainobject-4.0.6.tgz 3046ms (cache miss)
596 http fetch GET 200 https://registry.npmjs.org/lodash.isboolean/-/lodash.isboolean-3.0.3.tgz 3044ms (cache miss)
597 http fetch GET 200 https://registry.npmjs.org/lodash.isinteger/-/lodash.isinteger-4.0.4.tgz 3047ms (cache miss)
598 http fetch GET 200 https://registry.npmjs.org/mime-types/-/mime-types-3.0.2.tgz 3106ms (cache miss)
599 http fetch GET 200 https://registry.npmjs.org/memory-pager/-/memory-pager-1.5.0.tgz 3103ms (cache miss)
600 http fetch GET 200 https://registry.npmjs.org/merge-descriptors/-/merge-descriptors-2.0.0.tgz 3105ms (cache miss)
601 http fetch GET 200 https://registry.npmjs.org/media-typer/-/media-typer-1.1.0.tgz 3146ms (cache miss)
602 http fetch GET 200 https://registry.npmjs.org/lodash.isstring/-/lodash.isstring-4.0.1.tgz 3140ms (cache miss)
603 http fetch GET 200 https://registry.npmjs.org/lodash.isnumber/-/lodash.isnumber-3.0.3.tgz 3134ms (cache miss)
604 http fetch GET 200 https://registry.npmjs.org/is-binary-path/-/is-binary-path-2.1.0.tgz 3118ms (cache miss)
605 http fetch GET 200 https://registry.npmjs.org/http-errors/-/http-errors-2.0.1.tgz 3108ms (cache miss)
606 http fetch GET 200 https://registry.npmjs.org/ignore-by-default/-/ignore-by-default-1.0.1.tgz 3116ms (cache miss)
607 http fetch GET 200 https://registry.npmjs.org/serve-static/-/serve-static-2.2.1.tgz 3271ms (cache miss)
608 http fetch GET 200 https://registry.npmjs.org/is-glob/-/is-glob-4.0.3.tgz 3165ms (cache miss)
609 http fetch GET 200 https://registry.npmjs.org/jws/-/jws-4.0.1.tgz 3180ms (cache miss)
610 http fetch GET 200 https://registry.npmjs.org/is-promise/-/is-promise-4.0.0.tgz 3175ms (cache miss)
611 http fetch GET 200 https://registry.npmjs.org/has-symbols/-/has-symbols-1.1.0.tgz 3148ms (cache miss)
612 http fetch GET 200 https://registry.npmjs.org/es-errors/-/es-errors-1.3.0.tgz 3122ms (cache miss)
613 http fetch GET 200 https://registry.npmjs.org/lodash.once/-/lodash.once-4.1.1.tgz 3227ms (cache miss)
614 http fetch GET 200 https://registry.npmjs.org/is-number/-/is-number-7.0.0.tgz 3205ms (cache miss)
615 http fetch GET 200 https://registry.npmjs.org/inherits/-/inherits-2.0.4.tgz 3200ms (cache miss)
616 http fetch GET 200 https://registry.npmjs.org/function-bind/-/function-bind-1.1.2.tgz 3177ms (cache miss)
617 http fetch GET 200 https://registry.npmjs.org/etag/-/etag-1.8.1.tgz 3180ms (cache miss)
618 http fetch GET 200 https://registry.npmjs.org/is-extglob/-/is-extglob-2.1.1.tgz 3261ms (cache miss)
619 http fetch GET 200 https://registry.npmjs.org/jwa/-/jwa-2.0.1.tgz 3269ms (cache miss)
620 http fetch GET 200 https://registry.npmjs.org/hasown/-/hasown-2.0.2.tgz 3247ms (cache miss)
621 http fetch GET 200 https://registry.npmjs.org/has-flag/-/has-flag-3.0.0.tgz 3247ms (cache miss)
622 http fetch GET 200 https://registry.npmjs.org/es-object-atoms/-/es-object-atoms-1.1.1.tgz 3229ms (cache miss)
623 http fetch GET 200 https://registry.npmjs.org/fill-range/-/fill-range-7.1.1.tgz 3238ms (cache miss)
624 http fetch GET 200 https://registry.npmjs.org/ee-first/-/ee-first-1.1.1.tgz 3226ms (cache miss)
625 http fetch GET 200 https://registry.npmjs.org/standard-as-callback/-/standard-as-callback-2.1.0.tgz 3499ms (cache miss)
626 http fetch GET 200 https://registry.npmjs.org/safer-buffer/-/safer-buffer-2.1.2.tgz 3430ms (cache miss)
627 http fetch GET 200 https://registry.npmjs.org/raw-body/-/raw-body-3.0.2.tgz 3421ms (cache miss)
628 http fetch GET 200 https://registry.npmjs.org/fresh/-/fresh-2.0.0.tgz 3306ms (cache miss)
629 http fetch GET 200 https://registry.npmjs.org/finalhandler/-/finalhandler-2.1.1.tgz 3302ms (cache miss)
630 http fetch GET 200 https://registry.npmjs.org/forwarded/-/forwarded-0.2.0.tgz 3306ms (cache miss)
631 http fetch GET 200 https://registry.npmjs.org/escape-html/-/escape-html-1.0.3.tgz 3299ms (cache miss)
632 http fetch GET 200 https://registry.npmjs.org/depd/-/depd-2.0.0.tgz 3286ms (cache miss)
633 http fetch GET 200 https://registry.npmjs.org/cookie/-/cookie-0.7.2.tgz 3281ms (cache miss)
634 http fetch GET 200 https://registry.npmjs.org/content-type/-/content-type-1.0.5.tgz 3278ms (cache miss)
635 http fetch GET 200 https://registry.npmjs.org/cookie-signature/-/cookie-signature-1.2.2.tgz 3280ms (cache miss)
636 http fetch GET 200 https://registry.npmjs.org/binary-extensions/-/binary-extensions-2.3.0.tgz 3267ms (cache miss)
637 http fetch GET 200 https://registry.npmjs.org/anymatch/-/anymatch-3.1.3.tgz 3266ms (cache miss)
638 http fetch GET 200 https://registry.npmjs.org/glob-parent/-/glob-parent-5.1.2.tgz 3345ms (cache miss)
639 http fetch GET 200 https://registry.npmjs.org/encodeurl/-/encodeurl-2.0.0.tgz 3319ms (cache miss)
640 http fetch GET 200 https://registry.npmjs.org/send/-/send-1.2.1.tgz 3504ms (cache miss)
641 http fetch GET 200 https://registry.npmjs.org/proxy-addr/-/proxy-addr-2.0.7.tgz 3479ms (cache miss)
642 http fetch GET 200 https://registry.npmjs.org/mime-types/-/mime-types-2.1.35.tgz 3300ms (cache miss)
643 http fetch GET 200 https://registry.npmjs.org/accepts/-/accepts-1.3.8.tgz 3289ms (cache miss)
644 http fetch GET 200 https://registry.npmjs.org/balanced-match/-/balanced-match-4.0.4.tgz 3324ms (cache miss)
645 http fetch GET 200 https://registry.npmjs.org/accepts/-/accepts-2.0.0.tgz 3321ms (cache miss)
646 http fetch GET 200 https://registry.npmjs.org/tr46/-/tr46-5.1.1.tgz 3559ms (cache miss)
647 http fetch GET 200 https://registry.npmjs.org/cors/-/cors-2.8.6.tgz 3367ms (cache miss)
648 http fetch GET 200 https://registry.npmjs.org/content-disposition/-/content-disposition-1.0.1.tgz 3362ms (cache miss)
649 http fetch GET 200 https://registry.npmjs.org/buffer-equal-constant-time/-/buffer-equal-constant-time-1.0.1.tgz 3356ms (cache miss)
650 http fetch GET 200 https://registry.npmjs.org/call-bound/-/call-bound-1.0.4.tgz 3363ms (cache miss)
651 http fetch GET 200 https://registry.npmjs.org/bytes/-/bytes-3.1.2.tgz 3363ms (cache miss)
652 http fetch GET 200 https://registry.npmjs.org/negotiator/-/negotiator-0.6.3.tgz 3339ms (cache miss)
653 http fetch GET 200 https://registry.npmjs.org/@types/webidl-conversions/-/webidl-conversions-7.0.3.tgz 3349ms (cache miss)
654 http fetch GET 200 https://registry.npmjs.org/mime-types/-/mime-types-2.1.35.tgz 3507ms (cache miss)
655 http fetch GET 200 https://registry.npmjs.org/accepts/-/accepts-1.3.8.tgz 3520ms (cache miss)
656 http fetch GET 200 https://registry.npmjs.org/ipaddr.js/-/ipaddr.js-1.9.1.tgz 3634ms (cache miss)
657 http fetch GET 200 https://registry.npmjs.org/mime-types/-/mime-types-2.1.35.tgz 3543ms (cache miss)
658 http fetch GET 200 https://registry.npmjs.org/negotiator/-/negotiator-0.6.3.tgz 3548ms (cache miss)
659 http fetch GET 200 https://registry.npmjs.org/node-gyp-build/-/node-gyp-build-4.8.4.tgz 3775ms (cache miss)
660 http fetch GET 200 https://registry.npmjs.org/mime-db/-/mime-db-1.54.0.tgz 3761ms (cache miss)
661 http fetch GET 200 https://registry.npmjs.org/side-channel-weakmap/-/side-channel-weakmap-1.0.2.tgz 3884ms (cache miss)
662 http fetch GET 200 https://registry.npmjs.org/ecdsa-sig-formatter/-/ecdsa-sig-formatter-1.0.11.tgz 3712ms (cache miss)
663 http fetch GET 200 https://registry.npmjs.org/path-to-regexp/-/path-to-regexp-8.4.2.tgz 3855ms (cache miss)
664 http fetch GET 200 https://registry.npmjs.org/socket.io-adapter/-/socket.io-adapter-2.5.6.tgz 4012ms (cache miss)
665 http fetch GET 200 https://registry.npmjs.org/side-channel/-/side-channel-1.1.0.tgz 3953ms (cache miss)
666 http fetch GET 200 https://registry.npmjs.org/get-intrinsic/-/get-intrinsic-1.3.0.tgz 3824ms (cache miss)
667 http fetch GET 200 https://registry.npmjs.org/debug/-/debug-4.4.3.tgz 3792ms (cache miss)
668 http fetch GET 200 https://registry.npmjs.org/mime-db/-/mime-db-1.52.0.tgz 3770ms (cache miss)
669 http fetch GET 200 https://registry.npmjs.org/mime-db/-/mime-db-1.52.0.tgz 3775ms (cache miss)
670 http fetch GET 200 https://registry.npmjs.org/router/-/router-2.2.0.tgz 3992ms (cache miss)
671 http fetch GET 200 https://registry.npmjs.org/negotiator/-/negotiator-1.0.0.tgz 3972ms (cache miss)
672 http fetch GET 200 https://registry.npmjs.org/mime-db/-/mime-db-1.52.0.tgz 3814ms (cache miss)
673 http fetch GET 200 https://registry.npmjs.org/mongodb-connection-string-url/-/mongodb-connection-string-url-7.0.1.tgz 3966ms (cache miss)
674 http fetch GET 200 https://registry.npmjs.org/chokidar/-/chokidar-3.6.0.tgz 3851ms (cache miss)
675 http fetch GET 200 https://registry.npmjs.org/es-define-property/-/es-define-property-1.0.1.tgz 3895ms (cache miss)
676 http fetch GET 200 https://registry.npmjs.org/gopd/-/gopd-1.2.0.tgz 3952ms (cache miss)
677 http fetch GET 200 https://registry.npmjs.org/pstree.remy/-/pstree.remy-1.1.8.tgz 4069ms (cache miss)
678 http fetch GET 200 https://registry.npmjs.org/@types/whatwg-url/-/whatwg-url-13.0.0.tgz 3905ms (cache miss)
679 http fetch GET 200 https://registry.npmjs.org/mpath/-/mpath-0.9.0.tgz 4064ms (cache miss)
680 http fetch GET 200 https://registry.npmjs.org/picomatch/-/picomatch-2.3.2.tgz 4097ms (cache miss)
681 http fetch GET 200 https://registry.npmjs.org/express/-/express-5.2.1.tgz 3983ms (cache miss)
682 http fetch GET 200 https://registry.npmjs.org/braces/-/braces-3.0.3.tgz 3964ms (cache miss)
683 http fetch GET 200 https://registry.npmjs.org/get-proto/-/get-proto-1.0.1.tgz 4031ms (cache miss)
684 http fetch GET 200 https://registry.npmjs.org/body-parser/-/body-parser-2.2.2.tgz 3995ms (cache miss)
685 http fetch GET 200 https://registry.npmjs.org/dunder-proto/-/dunder-proto-1.0.1.tgz 4051ms (cache miss)
686 http fetch GET 200 https://registry.npmjs.org/whatwg-url/-/whatwg-url-14.2.0.tgz 4265ms (cache miss)
687 http fetch GET 200 https://registry.npmjs.org/ws/-/ws-8.18.3.tgz 4326ms (cache miss)
688 http fetch GET 200 https://registry.npmjs.org/jsonwebtoken/-/jsonwebtoken-9.0.3.tgz 4155ms (cache miss)
689 http fetch GET 200 https://registry.npmjs.org/dotenv/-/dotenv-17.4.0.tgz 4107ms (cache miss)
690 http fetch GET 200 https://registry.npmjs.org/call-bind-apply-helpers/-/call-bind-apply-helpers-1.0.2.tgz 4124ms (cache miss)
691 http fetch GET 200 https://registry.npmjs.org/mquery/-/mquery-6.0.0.tgz 4281ms (cache miss)
692 http fetch GET 200 https://registry.npmjs.org/brace-expansion/-/brace-expansion-5.0.5.tgz 4137ms (cache miss)
693 http fetch GET 200 https://registry.npmjs.org/node-addon-api/-/node-addon-api-8.7.0.tgz 4336ms (cache miss)
694 http fetch GET 200 https://registry.npmjs.org/qs/-/qs-6.15.0.tgz 4460ms (cache miss)
695 http fetch GET 200 https://registry.npmjs.org/kareem/-/kareem-3.2.0.tgz 4402ms (cache miss)
696 http fetch GET 200 https://registry.npmjs.org/undici-types/-/undici-types-7.19.2.tgz 4647ms (cache miss)
697 http fetch GET 200 https://registry.npmjs.org/sift/-/sift-17.1.3.tgz 4577ms (cache miss)
698 http fetch GET 200 https://registry.npmjs.org/math-intrinsics/-/math-intrinsics-1.1.0.tgz 4506ms (cache miss)
699 http fetch GET 200 https://registry.npmjs.org/object-inspect/-/object-inspect-1.13.4.tgz 4601ms (cache miss)
700 http fetch GET 200 https://registry.npmjs.org/iconv-lite/-/iconv-lite-0.7.2.tgz 4596ms (cache miss)
701 http fetch GET 200 https://registry.npmjs.org/engine.io-parser/-/engine.io-parser-5.2.3.tgz 4816ms (cache miss)
702 http fetch GET 200 https://registry.npmjs.org/socket.io/-/socket.io-4.8.3.tgz 4837ms (cache miss)
703 http fetch GET 200 https://registry.npmjs.org/engine.io/-/engine.io-6.6.6.tgz 4878ms (cache miss)
704 http fetch GET 200 https://registry.npmjs.org/@mongodb-js/saslprep/-/saslprep-1.4.6.tgz 4671ms (cache miss)
705 http fetch GET 200 https://registry.npmjs.org/semver/-/semver-7.7.4.tgz 4895ms (cache miss)
706 http fetch GET 200 https://registry.npmjs.org/nodemon/-/nodemon-3.1.14.tgz 4861ms (cache miss)
707 http fetch GET 200 https://registry.npmjs.org/bcrypt/-/bcrypt-6.0.0.tgz 4714ms (cache miss)
708 http fetch GET 200 https://registry.npmjs.org/minimatch/-/minimatch-10.2.5.tgz 5057ms (cache miss)
709 http fetch GET 200 https://registry.npmjs.org/bson/-/bson-7.2.0.tgz 4968ms (cache miss)
710 http fetch GET 200 https://registry.npmjs.org/@types/node/-/node-25.6.0.tgz 5361ms (cache miss)
711 http fetch GET 200 https://registry.npmjs.org/ioredis/-/ioredis-5.10.1.tgz 5379ms (cache miss)
712 http fetch GET 200 https://registry.npmjs.org/axios/-/axios-1.15.0.tgz 5526ms (cache miss)
713 http fetch GET 200 https://registry.npmjs.org/node-cron/-/node-cron-4.2.1.tgz 5667ms (cache miss)
714 http fetch GET 200 https://registry.npmjs.org/mongoose/-/mongoose-9.3.3.tgz 6484ms (cache miss)
715 http fetch GET 200 https://registry.npmjs.org/mongodb/-/mongodb-7.1.1.tgz 7276ms (cache miss)
716 info run bcrypt@6.0.0 install node_modules/bcrypt node-gyp-build
717 info run bcrypt@6.0.0 install { code: 'EPERM', signal: undefined }
718 warn cleanup Failed to remove some directories [
718 warn cleanup   [
718 warn cleanup     '\\\\?\\D:\\WEB DEVELOPMENT PRO\\PROJECTS\\PulseCheck\\server\\node_modules\\hasown',
718 warn cleanup     [Error: EBUSY: resource busy or locked, rmdir 'D:\WEB DEVELOPMENT PRO\PROJECTS\PulseCheck\server\node_modules\hasown'] {
718 warn cleanup       errno: -4082,
718 warn cleanup       code: 'EBUSY',
718 warn cleanup       syscall: 'rmdir',
718 warn cleanup       path: 'D:\\WEB DEVELOPMENT PRO\\PROJECTS\\PulseCheck\\server\\node_modules\\hasown'
718 warn cleanup     }
718 warn cleanup   ],
718 warn cleanup   [
718 warn cleanup     '\\\\?\\D:\\WEB DEVELOPMENT PRO\\PROJECTS\\PulseCheck\\server\\node_modules\\object-inspect',
718 warn cleanup     [Error: EBUSY: resource busy or locked, rmdir 'D:\WEB DEVELOPMENT PRO\PROJECTS\PulseCheck\server\node_modules\object-inspect'] {
718 warn cleanup       errno: -4082,
718 warn cleanup       code: 'EBUSY',
718 warn cleanup       syscall: 'rmdir',
718 warn cleanup       path: 'D:\\WEB DEVELOPMENT PRO\\PROJECTS\\PulseCheck\\server\\node_modules\\object-inspect'
718 warn cleanup     }
718 warn cleanup   ],
718 warn cleanup   [
718 warn cleanup     '\\\\?\\D:\\WEB DEVELOPMENT PRO\\PROJECTS\\PulseCheck\\server\\node_modules',
718 warn cleanup     [Error: EBUSY: resource busy or locked, rmdir 'D:\WEB DEVELOPMENT PRO\PROJECTS\PulseCheck\server\node_modules\object-inspect'] {
718 warn cleanup       errno: -4082,
718 warn cleanup       code: 'EBUSY',
718 warn cleanup       syscall: 'rmdir',
718 warn cleanup       path: 'D:\\WEB DEVELOPMENT PRO\\PROJECTS\\PulseCheck\\server\\node_modules\\object-inspect'
718 warn cleanup     }
718 warn cleanup   ]
718 warn cleanup ]
719 verbose stack Error: spawn EPERM
719 verbose stack     at ChildProcess.spawn (node:internal/child_process:420:11)
719 verbose stack     at spawn (node:child_process:786:9)
719 verbose stack     at promiseSpawn (C:\Users\Administrator\AppData\Local\nvm\v22.18.0\node_modules\npm\node_modules\@npmcli\promise-spawn\lib\index.js:39:16)
719 verbose stack     at spawnWithShell (C:\Users\Administrator\AppData\Local\nvm\v22.18.0\node_modules\npm\node_modules\@npmcli\promise-spawn\lib\index.js:124:10)
719 verbose stack     at promiseSpawn (C:\Users\Administrator\AppData\Local\nvm\v22.18.0\node_modules\npm\node_modules\@npmcli\promise-spawn\lib\index.js:12:12)
719 verbose stack     at runScriptPkg (C:\Users\Administrator\AppData\Local\nvm\v22.18.0\node_modules\npm\node_modules\@npmcli\run-script\lib\run-script-pkg.js:79:13)
719 verbose stack     at runScript (C:\Users\Administrator\AppData\Local\nvm\v22.18.0\node_modules\npm\node_modules\@npmcli\run-script\lib\run-script.js:9:12)
719 verbose stack     at C:\Users\Administrator\AppData\Local\nvm\v22.18.0\node_modules\npm\node_modules\@npmcli\arborist\lib\arborist\rebuild.js:327:17
719 verbose stack     at run (C:\Users\Administrator\AppData\Local\nvm\v22.18.0\node_modules\npm\node_modules\promise-call-limit\dist\commonjs\index.js:67:22)
719 verbose stack     at C:\Users\Administrator\AppData\Local\nvm\v22.18.0\node_modules\npm\node_modules\promise-call-limit\dist\commonjs\index.js:84:9
720 error code EPERM
721 error syscall spawn
722 error errno -4048
723 error Error: spawn EPERM
723 error     at ChildProcess.spawn (node:internal/child_process:420:11)
723 error     at spawn (node:child_process:786:9)
723 error     at promiseSpawn (C:\Users\Administrator\AppData\Local\nvm\v22.18.0\node_modules\npm\node_modules\@npmcli\promise-spawn\lib\index.js:39:16)
723 error     at spawnWithShell (C:\Users\Administrator\AppData\Local\nvm\v22.18.0\node_modules\npm\node_modules\@npmcli\promise-spawn\lib\index.js:124:10)
723 error     at promiseSpawn (C:\Users\Administrator\AppData\Local\nvm\v22.18.0\node_modules\npm\node_modules\@npmcli\promise-spawn\lib\index.js:12:12)
723 error     at runScriptPkg (C:\Users\Administrator\AppData\Local\nvm\v22.18.0\node_modules\npm\node_modules\@npmcli\run-script\lib\run-script-pkg.js:79:13)
723 error     at runScript (C:\Users\Administrator\AppData\Local\nvm\v22.18.0\node_modules\npm\node_modules\@npmcli\run-script\lib\run-script.js:9:12)
723 error     at C:\Users\Administrator\AppData\Local\nvm\v22.18.0\node_modules\npm\node_modules\@npmcli\arborist\lib\arborist\rebuild.js:327:17
723 error     at run (C:\Users\Administrator\AppData\Local\nvm\v22.18.0\node_modules\npm\node_modules\promise-call-limit\dist\commonjs\index.js:67:22)
723 error     at C:\Users\Administrator\AppData\Local\nvm\v22.18.0\node_modules\npm\node_modules\promise-call-limit\dist\commonjs\index.js:84:9 {
723 error   errno: -4048,
723 error   code: 'EPERM',
723 error   syscall: 'spawn'
723 error }
724 error
724 error The operation was rejected by your operating system.
724 error It's possible that the file was already in use (by a text editor or antivirus),
724 error or that you lack permissions to access it.
724 error
724 error If you believe this might be a permissions issue, please double-check the
724 error permissions of the file and its containing directories, or try running
724 error the command again as root/Administrator.
725 silly unfinished npm timer reify 1776534760636
726 silly unfinished npm timer reify:build 1776534773719
727 silly unfinished npm timer build 1776534773722
728 silly unfinished npm timer build:deps 1776534773724
729 silly unfinished npm timer build:run:install 1776534773912
730 silly unfinished npm timer build:run:install:node_modules/bcrypt 1776534773913
731 verbose cwd D:\WEB DEVELOPMENT PRO\PROJECTS\PulseCheck\server
732 verbose os Windows_NT 10.0.26200
733 verbose node v22.18.0
734 verbose npm  v11.7.0
735 notice
735 notice New minor version of npm available! 11.7.0 -> 11.12.1
735 notice Changelog: https://github.com/npm/cli/releases/tag/v11.12.1
735 notice To update run: npm install -g npm@11.12.1
735 notice  { force: true, [Symbol(proc-log.meta)]: true }
736 verbose exit -4048
737 verbose code -4048
738 error A complete log of this run can be found in: D:\WEB DEVELOPMENT PRO\PROJECTS\PulseCheck\server\.npm-cache\_logs\2026-04-18T17_52_39_555Z-debug-0.log
