0 verbose cli C:\nvm4w\nodejs\node.exe C:\nvm4w\nodejs\node_modules\npm\bin\npm-cli.js
1 info using npm@11.7.0
2 info using node@v22.18.0
3 silly config load:file:C:\Users\Administrator\AppData\Local\nvm\v22.18.0\node_modules\npm\npmrc
4 silly config load:file:D:\WEB DEVELOPMENT PRO\PROJECTS\PulseCheck\server\.npmrc
5 silly config load:file:C:\Users\Administrator\.npmrc
6 silly config load:file:C:\nvm4w\nodejs\etc\npmrc
7 verbose title npm install
8 verbose argv "install" "--cache" ".npm-cache" "--no-audit" "--no-fund" "--ignore-scripts"
9 verbose logfile logs-max:10 dir:D:\WEB DEVELOPMENT PRO\PROJECTS\PulseCheck\server\.npm-cache\_logs\2026-04-18T22_02_01_938Z-
10 verbose logfile D:\WEB DEVELOPMENT PRO\PROJECTS\PulseCheck\server\.npm-cache\_logs\2026-04-18T22_02_01_938Z-debug-0.log
11 silly logfile done cleaning log files
12 silly packumentCache heap:4345298944 maxSize:1086324736 maxEntrySize:543162368
13 silly idealTree buildDeps
14 silly reify mark retired [
14 silly reify   'D:\\WEB DEVELOPMENT PRO\\PROJECTS\\PulseCheck\\server\\node_modules\\agent-base'
14 silly reify ]
15 silly reify mark retired [
15 silly reify   'D:\\WEB DEVELOPMENT PRO\\PROJECTS\\PulseCheck\\server\\node_modules\\dayjs'
15 silly reify ]
16 silly reify mark retired [
16 silly reify   'D:\\WEB DEVELOPMENT PRO\\PROJECTS\\PulseCheck\\server\\node_modules\\https-proxy-agent'
16 silly reify ]
17 silly reify mark retired [
17 silly reify   'D:\\WEB DEVELOPMENT PRO\\PROJECTS\\PulseCheck\\server\\node_modules\\scmp'
17 silly reify ]
18 silly reify mark retired [
18 silly reify   'D:\\WEB DEVELOPMENT PRO\\PROJECTS\\PulseCheck\\server\\node_modules\\twilio'
18 silly reify ]
19 silly reify mark retired [
19 silly reify   'D:\\WEB DEVELOPMENT PRO\\PROJECTS\\PulseCheck\\server\\node_modules\\xmlbuilder'
19 silly reify ]
20 silly reify moves {
20 silly reify   'D:\\WEB DEVELOPMENT PRO\\PROJECTS\\PulseCheck\\server\\node_modules\\agent-base': 'D:\\WEB DEVELOPMENT PRO\\PROJECTS\\PulseCheck\\server\\node_modules\\.agent-base-6xeO2SFL',
20 silly reify   'D:\\WEB DEVELOPMENT PRO\\PROJECTS\\PulseCheck\\server\\node_modules\\dayjs': 'D:\\WEB DEVELOPMENT PRO\\PROJECTS\\PulseCheck\\server\\node_modules\\.dayjs-cj1BAIp0',
20 silly reify   'D:\\WEB DEVELOPMENT PRO\\PROJECTS\\PulseCheck\\server\\node_modules\\https-proxy-agent': 'D:\\WEB DEVELOPMENT PRO\\PROJECTS\\PulseCheck\\server\\node_modules\\.https-proxy-agent-jU7BhT0r',
20 silly reify   'D:\\WEB DEVELOPMENT PRO\\PROJECTS\\PulseCheck\\server\\node_modules\\scmp': 'D:\\WEB DEVELOPMENT PRO\\PROJECTS\\PulseCheck\\server\\node_modules\\.scmp-fkwQpFgM',
20 silly reify   'D:\\WEB DEVELOPMENT PRO\\PROJECTS\\PulseCheck\\server\\node_modules\\twilio': 'D:\\WEB DEVELOPMENT PRO\\PROJECTS\\PulseCheck\\server\\node_modules\\.twilio-gBluHgek',
20 silly reify   'D:\\WEB DEVELOPMENT PRO\\PROJECTS\\PulseCheck\\server\\node_modules\\xmlbuilder': 'D:\\WEB DEVELOPMENT PRO\\PROJECTS\\PulseCheck\\server\\node_modules\\.xmlbuilder-Ldqe9cVm'
20 silly reify }
21 silly REMOVE node_modules/xmlbuilder
22 silly REMOVE node_modules/twilio
23 silly REMOVE node_modules/scmp
24 silly REMOVE node_modules/https-proxy-agent
25 silly REMOVE node_modules/dayjs
26 silly REMOVE node_modules/agent-base
27 verbose cwd D:\WEB DEVELOPMENT PRO\PROJECTS\PulseCheck\server
28 verbose os Windows_NT 10.0.26200
29 verbose node v22.18.0
30 verbose npm  v11.7.0
31 verbose exit 0
32 info ok
