0 verbose cli C:\nvm4w\nodejs\node.exe C:\nvm4w\nodejs\node_modules\npm\bin\npm-cli.js
1 info using npm@11.7.0
2 info using node@v22.18.0
3 silly config load:file:C:\Users\Administrator\AppData\Local\nvm\v22.18.0\node_modules\npm\npmrc
4 silly config load:file:D:\WEB DEVELOPMENT PRO\PROJECTS\PulseCheck\server\.npmrc
5 silly config load:file:C:\Users\Administrator\.npmrc
6 silly config load:file:C:\nvm4w\nodejs\etc\npmrc
7 verbose title npm install
8 verbose argv "install" "--cache" ".npm-cache" "--no-audit" "--no-fund" "--ignore-scripts"
9 verbose logfile logs-max:10 dir:D:\WEB DEVELOPMENT PRO\PROJECTS\PulseCheck\server\.npm-cache\_logs\2026-04-18T17_53_04_250Z-
10 verbose logfile D:\WEB DEVELOPMENT PRO\PROJECTS\PulseCheck\server\.npm-cache\_logs\2026-04-18T17_53_04_250Z-debug-0.log
11 silly logfile done cleaning log files
12 silly packumentCache heap:4345298944 maxSize:1086324736 maxEntrySize:543162368
13 silly idealTree buildDeps
14 silly fetch manifest axios@^1.11.0
15 silly packumentCache full:https://registry.npmjs.org/axios cache-miss
16 http cache https://registry.npmjs.org/axios 32ms (cache hit)
17 silly packumentCache full:https://registry.npmjs.org/axios set size:719311 disposed:false
18 silly fetch manifest ioredis@^5.8.1
19 silly packumentCache full:https://registry.npmjs.org/ioredis cache-miss
20 http cache https://registry.npmjs.org/ioredis 14ms (cache hit)
21 silly packumentCache full:https://registry.npmjs.org/ioredis set size:842503 disposed:false
22 silly fetch manifest socket.io@^4.8.1
23 silly packumentCache full:https://registry.npmjs.org/socket.io cache-miss
24 http cache https://registry.npmjs.org/socket.io 9ms (cache hit)
25 silly packumentCache full:https://registry.npmjs.org/socket.io set size:379231 disposed:false
26 silly placeDep ROOT axios@1.15.0 OK for: pulsecheck-server@1.0.0 want: ^1.11.0
27 silly placeDep ROOT ioredis@5.10.1 OK for: pulsecheck-server@1.0.0 want: ^5.8.1
28 silly placeDep ROOT socket.io@4.8.3 OK for: pulsecheck-server@1.0.0 want: ^4.8.1
29 silly fetch manifest form-data@^4.0.5
30 silly packumentCache full:https://registry.npmjs.org/form-data cache-miss
31 silly fetch manifest proxy-from-env@^2.1.0
32 silly packumentCache full:https://registry.npmjs.org/proxy-from-env cache-miss
33 silly fetch manifest follow-redirects@^1.15.11
34 silly packumentCache full:https://registry.npmjs.org/follow-redirects cache-miss
35 silly fetch manifest @ioredis/commands@1.5.1
36 silly packumentCache full:https://registry.npmjs.org/@ioredis%2fcommands cache-miss
37 silly fetch manifest cluster-key-slot@^1.1.0
38 silly packumentCache full:https://registry.npmjs.org/cluster-key-slot cache-miss
39 silly fetch manifest denque@^2.1.0
40 silly packumentCache full:https://registry.npmjs.org/denque cache-miss
41 silly fetch manifest lodash.defaults@^4.2.0
42 silly packumentCache full:https://registry.npmjs.org/lodash.defaults cache-miss
43 http cache https://registry.npmjs.org/@ioredis%2fcommands 24ms (cache hit)
44 silly packumentCache full:https://registry.npmjs.org/@ioredis%2fcommands set size:43477 disposed:false
45 silly fetch manifest lodash.isarguments@^3.1.0
46 silly packumentCache full:https://registry.npmjs.org/lodash.isarguments cache-miss
47 http cache https://registry.npmjs.org/proxy-from-env 30ms (cache hit)
48 silly packumentCache full:https://registry.npmjs.org/proxy-from-env set size:21422 disposed:false
49 silly fetch manifest redis-errors@^1.2.0
50 silly packumentCache full:https://registry.npmjs.org/redis-errors cache-miss
51 http cache https://registry.npmjs.org/form-data 32ms (cache hit)
52 silly packumentCache full:https://registry.npmjs.org/form-data set size:153646 disposed:false
53 silly fetch manifest redis-parser@^3.0.0
54 silly packumentCache full:https://registry.npmjs.org/redis-parser cache-miss
55 http cache https://registry.npmjs.org/follow-redirects 35ms (cache hit)
56 silly packumentCache full:https://registry.npmjs.org/follow-redirects set size:188945 disposed:false
57 silly fetch manifest standard-as-callback@^2.1.0
58 silly packumentCache full:https://registry.npmjs.org/standard-as-callback cache-miss
59 http cache https://registry.npmjs.org/lodash.defaults 35ms (cache hit)
60 silly packumentCache full:https://registry.npmjs.org/lodash.defaults set size:30178 disposed:false
61 silly fetch manifest accepts@~1.3.4
62 silly packumentCache full:https://registry.npmjs.org/accepts cache-miss
63 http cache https://registry.npmjs.org/cluster-key-slot 39ms (cache hit)
64 silly packumentCache full:https://registry.npmjs.org/cluster-key-slot set size:44701 disposed:false
65 silly fetch manifest base64id@~2.0.0
66 silly packumentCache full:https://registry.npmjs.org/base64id cache-miss
67 http cache https://registry.npmjs.org/denque 41ms (cache hit)
68 silly packumentCache full:https://registry.npmjs.org/denque set size:62908 disposed:false
69 silly fetch manifest engine.io@~6.6.0
70 silly packumentCache full:https://registry.npmjs.org/engine.io cache-miss
71 http cache https://registry.npmjs.org/lodash.isarguments 34ms (cache hit)
72 silly packumentCache full:https://registry.npmjs.org/lodash.isarguments set size:35303 disposed:false
73 silly fetch manifest socket.io-adapter@~2.5.2
74 silly packumentCache full:https://registry.npmjs.org/socket.io-adapter cache-miss
75 http cache https://registry.npmjs.org/redis-errors 34ms (cache hit)
76 silly packumentCache full:https://registry.npmjs.org/redis-errors set size:9314 disposed:false
77 silly fetch manifest socket.io-parser@~4.2.4
78 silly packumentCache full:https://registry.npmjs.org/socket.io-parser cache-miss
79 http cache https://registry.npmjs.org/redis-parser 31ms (cache hit)
80 silly packumentCache full:https://registry.npmjs.org/redis-parser set size:43353 disposed:false
81 http cache https://registry.npmjs.org/base64id 24ms (cache hit)
82 silly packumentCache full:https://registry.npmjs.org/base64id set size:6136 disposed:false
83 http cache https://registry.npmjs.org/accepts 28ms (cache hit)
84 silly packumentCache full:https://registry.npmjs.org/accepts set size:77054 disposed:false
85 http cache https://registry.npmjs.org/standard-as-callback 32ms (cache hit)
86 silly packumentCache full:https://registry.npmjs.org/standard-as-callback set size:16764 disposed:false
87 http cache https://registry.npmjs.org/engine.io 24ms (cache hit)
88 silly packumentCache full:https://registry.npmjs.org/engine.io set size:386946 disposed:false
89 http cache https://registry.npmjs.org/socket.io-adapter 17ms (cache hit)
90 silly packumentCache full:https://registry.npmjs.org/socket.io-adapter set size:66901 disposed:false
91 http cache https://registry.npmjs.org/socket.io-parser 16ms (cache hit)
92 silly packumentCache full:https://registry.npmjs.org/socket.io-parser set size:124220 disposed:false
93 silly placeDep ROOT follow-redirects@1.16.0 OK for: axios@1.15.0 want: ^1.15.11
94 silly placeDep ROOT form-data@4.0.5 OK for: axios@1.15.0 want: ^4.0.5
95 silly placeDep ROOT proxy-from-env@2.1.0 OK for: axios@1.15.0 want: ^2.1.0
96 silly fetch manifest asynckit@^0.4.0
97 silly packumentCache full:https://registry.npmjs.org/asynckit cache-miss
98 silly fetch manifest combined-stream@^1.0.8
99 silly packumentCache full:https://registry.npmjs.org/combined-stream cache-miss
100 silly fetch manifest es-set-tostringtag@^2.1.0
101 silly packumentCache full:https://registry.npmjs.org/es-set-tostringtag cache-miss
102 silly fetch manifest mime-types@^2.1.12
103 silly packumentCache full:https://registry.npmjs.org/mime-types cache-miss
104 http cache https://registry.npmjs.org/combined-stream 9ms (cache hit)
105 silly packumentCache full:https://registry.npmjs.org/combined-stream set size:40337 disposed:false
106 http cache https://registry.npmjs.org/asynckit 10ms (cache hit)
107 silly packumentCache full:https://registry.npmjs.org/asynckit set size:18932 disposed:false
108 http cache https://registry.npmjs.org/es-set-tostringtag 11ms (cache hit)
109 silly packumentCache full:https://registry.npmjs.org/es-set-tostringtag set size:22094 disposed:false
110 http cache https://registry.npmjs.org/mime-types 12ms (cache hit)
111 silly packumentCache full:https://registry.npmjs.org/mime-types set size:139110 disposed:false
112 silly placeDep ROOT asynckit@0.4.0 OK for: form-data@4.0.5 want: ^0.4.0
113 silly placeDep ROOT combined-stream@1.0.8 OK for: form-data@4.0.5 want: ^1.0.8
114 silly placeDep ROOT es-set-tostringtag@2.1.0 OK for: form-data@4.0.5 want: ^2.1.0
115 silly placeDep node_modules/form-data mime-types@2.1.35 OK for: form-data@4.0.5 want: ^2.1.12
116 silly fetch manifest delayed-stream@~1.0.0
117 silly packumentCache full:https://registry.npmjs.org/delayed-stream cache-miss
118 silly fetch manifest has-tostringtag@^1.0.2
119 silly packumentCache full:https://registry.npmjs.org/has-tostringtag cache-miss
120 silly fetch manifest mime-db@1.52.0
121 silly packumentCache full:https://registry.npmjs.org/mime-db cache-miss
122 http cache https://registry.npmjs.org/delayed-stream 6ms (cache hit)
123 silly packumentCache full:https://registry.npmjs.org/delayed-stream set size:15820 disposed:false
124 http cache https://registry.npmjs.org/has-tostringtag 8ms (cache hit)
125 silly packumentCache full:https://registry.npmjs.org/has-tostringtag set size:13945 disposed:false
126 http cache https://registry.npmjs.org/mime-db 10ms (cache hit)
127 silly packumentCache full:https://registry.npmjs.org/mime-db set size:164953 disposed:false
128 silly placeDep ROOT delayed-stream@1.0.0 OK for: combined-stream@1.0.8 want: ~1.0.0
129 silly placeDep ROOT has-tostringtag@1.0.2 OK for: es-set-tostringtag@2.1.0 want: ^1.0.2
130 silly placeDep ROOT @ioredis/commands@1.5.1 OK for: ioredis@5.10.1 want: 1.5.1
131 silly placeDep ROOT cluster-key-slot@1.1.2 OK for: ioredis@5.10.1 want: ^1.1.0
132 silly placeDep ROOT denque@2.1.0 OK for: ioredis@5.10.1 want: ^2.1.0
133 silly placeDep ROOT lodash.defaults@4.2.0 OK for: ioredis@5.10.1 want: ^4.2.0
134 silly placeDep ROOT lodash.isarguments@3.1.0 OK for: ioredis@5.10.1 want: ^3.1.0
135 silly placeDep ROOT redis-errors@1.2.0 OK for: ioredis@5.10.1 want: ^1.2.0
136 silly placeDep ROOT redis-parser@3.0.0 OK for: ioredis@5.10.1 want: ^3.0.0
137 silly placeDep ROOT standard-as-callback@2.1.0 OK for: ioredis@5.10.1 want: ^2.1.0
138 silly placeDep node_modules/socket.io accepts@1.3.8 OK for: socket.io@4.8.3 want: ~1.3.4
139 silly placeDep ROOT base64id@2.0.0 OK for: socket.io@4.8.3 want: ~2.0.0
140 silly placeDep ROOT engine.io@6.6.6 OK for: socket.io@4.8.3 want: ~6.6.0
141 silly placeDep ROOT socket.io-adapter@2.5.6 OK for: socket.io@4.8.3 want: ~2.5.2
142 silly placeDep ROOT socket.io-parser@4.2.6 OK for: socket.io@4.8.3 want: ~4.2.4
143 silly fetch manifest mime-types@~2.1.34
144 silly packumentCache full:https://registry.npmjs.org/mime-types cache-hit
145 silly fetch manifest negotiator@0.6.3
146 silly packumentCache full:https://registry.npmjs.org/negotiator cache-miss
147 silly fetch manifest @types/cors@^2.8.12
148 silly packumentCache full:https://registry.npmjs.org/@types%2fcors cache-miss
149 silly fetch manifest @types/node@>=10.0.0
150 silly packumentCache full:https://registry.npmjs.org/@types%2fnode cache-miss
151 silly fetch manifest @types/ws@^8.5.12
152 silly packumentCache full:https://registry.npmjs.org/@types%2fws cache-miss
153 silly fetch manifest engine.io-parser@~5.2.1
154 silly packumentCache full:https://registry.npmjs.org/engine.io-parser cache-miss
155 silly fetch manifest ws@~8.18.3
156 silly packumentCache full:https://registry.npmjs.org/ws cache-miss
157 silly fetch manifest ws@~8.18.3
158 silly packumentCache full:https://registry.npmjs.org/ws cache-miss
159 http cache https://registry.npmjs.org/@types%2fws 31ms (cache hit)
160 silly packumentCache full:https://registry.npmjs.org/@types%2fws set size:167959 disposed:false
161 silly fetch manifest @socket.io/component-emitter@~3.1.0
162 silly packumentCache full:https://registry.npmjs.org/@socket.io%2fcomponent-emitter cache-miss
163 http cache https://registry.npmjs.org/negotiator 40ms (cache hit)
164 silly packumentCache full:https://registry.npmjs.org/negotiator set size:48046 disposed:false
165 http cache https://registry.npmjs.org/@types%2fcors 41ms (cache hit)
166 silly packumentCache full:https://registry.npmjs.org/@types%2fcors set size:56991 disposed:false
167 http cache https://registry.npmjs.org/@types%2fnode 72ms (cache hit)
168 silly packumentCache full:https://registry.npmjs.org/@types%2fnode set size:10972342 disposed:false
169 http cache https://registry.npmjs.org/engine.io-parser 269ms (cache hit)
170 silly packumentCache full:https://registry.npmjs.org/engine.io-parser set size:116455 disposed:false
171 http cache https://registry.npmjs.org/ws 268ms (cache hit)
172 silly packumentCache full:https://registry.npmjs.org/ws set size:415737 disposed:false
173 http cache https://registry.npmjs.org/ws 283ms (cache hit)
174 silly packumentCache full:https://registry.npmjs.org/ws set size:415737 disposed:false
175 silly packumentCache full:https://registry.npmjs.org/ws dispose
176 http cache https://registry.npmjs.org/@socket.io%2fcomponent-emitter 273ms (cache hit)
177 silly packumentCache full:https://registry.npmjs.org/@socket.io%2fcomponent-emitter set size:14099 disposed:false
178 silly fetch manifest bufferutil@^4.0.1
179 silly packumentCache full:https://registry.npmjs.org/bufferutil cache-miss
180 http cache https://registry.npmjs.org/bufferutil 8ms (cache hit)
181 silly packumentCache full:https://registry.npmjs.org/bufferutil set size:52763 disposed:false
182 silly fetch manifest utf-8-validate@>=5.0.2
183 silly packumentCache full:https://registry.npmjs.org/utf-8-validate cache-miss
184 http cache https://registry.npmjs.org/utf-8-validate 8ms (cache hit)
185 silly packumentCache full:https://registry.npmjs.org/utf-8-validate set size:77148 disposed:false
186 silly placeDep ROOT @types/cors@2.8.19 OK for: engine.io@6.6.6 want: ^2.8.12
187 silly placeDep ROOT @types/node@25.6.0 OK for: engine.io@6.6.6 want: >=10.0.0
188 silly placeDep ROOT @types/ws@8.18.1 OK for: engine.io@6.6.6 want: ^8.5.12
189 silly placeDep node_modules/engine.io accepts@1.3.8 OK for: engine.io@6.6.6 want: ~1.3.4
190 silly placeDep ROOT engine.io-parser@5.2.3 OK for: engine.io@6.6.6 want: ~5.2.1
191 silly placeDep ROOT ws@8.18.3 OK for: engine.io@6.6.6 want: ~8.18.3
192 silly fetch manifest @types/node@*
193 silly packumentCache full:https://registry.npmjs.org/@types%2fnode cache-miss
194 silly fetch manifest undici-types@~7.19.0
195 silly packumentCache full:https://registry.npmjs.org/undici-types cache-miss
196 http cache https://registry.npmjs.org/undici-types 12ms (cache hit)
197 silly packumentCache full:https://registry.npmjs.org/undici-types set size:210150 disposed:false
198 http cache https://registry.npmjs.org/@types%2fnode 53ms (cache hit)
199 silly packumentCache full:https://registry.npmjs.org/@types%2fnode set size:10972342 disposed:false
200 silly placeDep ROOT undici-types@7.19.2 OK for: @types/node@25.6.0 want: ~7.19.0
201 silly placeDep ROOT @socket.io/component-emitter@3.1.2 OK for: socket.io-parser@4.2.6 want: ~3.1.0
202 silly placeDep node_modules/engine.io mime-types@2.1.35 OK for: accepts@1.3.8 want: ~2.1.34
203 silly placeDep node_modules/engine.io negotiator@0.6.3 OK for: accepts@1.3.8 want: 0.6.3
204 silly placeDep node_modules/engine.io mime-db@1.52.0 OK for: mime-types@2.1.35 want: 1.52.0
205 silly placeDep node_modules/form-data mime-db@1.52.0 OK for: mime-types@2.1.35 want: 1.52.0
206 silly placeDep node_modules/socket.io mime-types@2.1.35 OK for: accepts@1.3.8 want: ~2.1.34
207 silly placeDep node_modules/socket.io negotiator@0.6.3 OK for: accepts@1.3.8 want: 0.6.3
208 silly placeDep node_modules/socket.io mime-db@1.52.0 OK for: mime-types@2.1.35 want: 1.52.0
209 silly reify mark retired [
209 silly reify   'D:\\WEB DEVELOPMENT PRO\\PROJECTS\\PulseCheck\\server\\node_modules\\object-inspect'
209 silly reify ]
210 silly reify moves {
210 silly reify   'D:\\WEB DEVELOPMENT PRO\\PROJECTS\\PulseCheck\\server\\node_modules\\object-inspect': 'D:\\WEB DEVELOPMENT PRO\\PROJECTS\\PulseCheck\\server\\node_modules\\.object-inspect-zsFu9wbj'
210 silly reify }
211 http cache @socket.io/component-emitter@https://registry.npmjs.org/@socket.io/component-emitter/-/component-emitter-3.1.2.tgz 0ms (cache hit)
212 http cache undici-types@https://registry.npmjs.org/undici-types/-/undici-types-7.19.2.tgz 0ms (cache hit)
213 http cache engine.io-parser@https://registry.npmjs.org/engine.io-parser/-/engine.io-parser-5.2.3.tgz 0ms (cache hit)
214 http cache @types/ws@https://registry.npmjs.org/@types/ws/-/ws-8.18.1.tgz 0ms (cache hit)
215 http cache ws@https://registry.npmjs.org/ws/-/ws-8.18.3.tgz 0ms (cache hit)
216 http cache socket.io-parser@https://registry.npmjs.org/socket.io-parser/-/socket.io-parser-4.2.6.tgz 0ms (cache hit)
217 http cache @types/cors@https://registry.npmjs.org/@types/cors/-/cors-2.8.19.tgz 0ms (cache hit)
218 http cache socket.io-adapter@https://registry.npmjs.org/socket.io-adapter/-/socket.io-adapter-2.5.6.tgz 0ms (cache hit)
219 http cache @types/node@https://registry.npmjs.org/@types/node/-/node-25.6.0.tgz 0ms (cache hit)
220 http cache engine.io@https://registry.npmjs.org/engine.io/-/engine.io-6.6.6.tgz 0ms (cache hit)
221 http cache base64id@https://registry.npmjs.org/base64id/-/base64id-2.0.0.tgz 0ms (cache hit)
222 http cache standard-as-callback@https://registry.npmjs.org/standard-as-callback/-/standard-as-callback-2.1.0.tgz 0ms (cache hit)
223 http cache @ioredis/commands@https://registry.npmjs.org/@ioredis/commands/-/commands-1.5.1.tgz 0ms (cache hit)
224 http cache redis-errors@https://registry.npmjs.org/redis-errors/-/redis-errors-1.2.0.tgz 0ms (cache hit)
225 http cache lodash.isarguments@https://registry.npmjs.org/lodash.isarguments/-/lodash.isarguments-3.1.0.tgz 0ms (cache hit)
226 http cache redis-parser@https://registry.npmjs.org/redis-parser/-/redis-parser-3.0.0.tgz 0ms (cache hit)
227 http cache lodash.defaults@https://registry.npmjs.org/lodash.defaults/-/lodash.defaults-4.2.0.tgz 0ms (cache hit)
228 http cache cluster-key-slot@https://registry.npmjs.org/cluster-key-slot/-/cluster-key-slot-1.1.2.tgz 0ms (cache hit)
229 http cache denque@https://registry.npmjs.org/denque/-/denque-2.1.0.tgz 0ms (cache hit)
230 http cache delayed-stream@https://registry.npmjs.org/delayed-stream/-/delayed-stream-1.0.0.tgz 0ms (cache hit)
231 http cache combined-stream@https://registry.npmjs.org/combined-stream/-/combined-stream-1.0.8.tgz 0ms (cache hit)
232 http cache has-tostringtag@https://registry.npmjs.org/has-tostringtag/-/has-tostringtag-1.0.2.tgz 1ms (cache hit)
233 http cache asynckit@https://registry.npmjs.org/asynckit/-/asynckit-0.4.0.tgz 0ms (cache hit)
234 http cache proxy-from-env@https://registry.npmjs.org/proxy-from-env/-/proxy-from-env-2.1.0.tgz 0ms (cache hit)
235 http cache es-set-tostringtag@https://registry.npmjs.org/es-set-tostringtag/-/es-set-tostringtag-2.1.0.tgz 0ms (cache hit)
236 http cache follow-redirects@https://registry.npmjs.org/follow-redirects/-/follow-redirects-1.16.0.tgz 0ms (cache hit)
237 http cache ioredis@https://registry.npmjs.org/ioredis/-/ioredis-5.10.1.tgz 0ms (cache hit)
238 http cache form-data@https://registry.npmjs.org/form-data/-/form-data-4.0.5.tgz 0ms (cache hit)
239 http cache wrappy@https://registry.npmjs.org/wrappy/-/wrappy-1.0.2.tgz 0ms (cache hit)
240 http cache axios@https://registry.npmjs.org/axios/-/axios-1.15.0.tgz 0ms (cache hit)
241 http cache whatwg-url@https://registry.npmjs.org/whatwg-url/-/whatwg-url-14.2.0.tgz 0ms (cache hit)
242 http cache vary@https://registry.npmjs.org/vary/-/vary-1.1.2.tgz 0ms (cache hit)
243 http cache webidl-conversions@https://registry.npmjs.org/webidl-conversions/-/webidl-conversions-7.0.0.tgz 0ms (cache hit)
244 http cache unpipe@https://registry.npmjs.org/unpipe/-/unpipe-1.0.0.tgz 0ms (cache hit)
245 http cache undefsafe@https://registry.npmjs.org/undefsafe/-/undefsafe-2.0.5.tgz 0ms (cache hit)
246 http cache socket.io@https://registry.npmjs.org/socket.io/-/socket.io-4.8.3.tgz 0ms (cache hit)
247 http cache type-is@https://registry.npmjs.org/type-is/-/type-is-2.0.1.tgz 0ms (cache hit)
248 http cache tr46@https://registry.npmjs.org/tr46/-/tr46-5.1.1.tgz 0ms (cache hit)
249 http cache to-regex-range@https://registry.npmjs.org/to-regex-range/-/to-regex-range-5.0.1.tgz 0ms (cache hit)
250 http cache toidentifier@https://registry.npmjs.org/toidentifier/-/toidentifier-1.0.1.tgz 0ms (cache hit)
251 http cache touch@https://registry.npmjs.org/touch/-/touch-3.1.1.tgz 0ms (cache hit)
252 http cache supports-color@https://registry.npmjs.org/supports-color/-/supports-color-5.5.0.tgz 0ms (cache hit)
253 http cache statuses@https://registry.npmjs.org/statuses/-/statuses-2.0.2.tgz 0ms (cache hit)
254 http cache sparse-bitfield@https://registry.npmjs.org/sparse-bitfield/-/sparse-bitfield-3.0.3.tgz 0ms (cache hit)
255 http cache simple-update-notifier@https://registry.npmjs.org/simple-update-notifier/-/simple-update-notifier-2.0.0.tgz 0ms (cache hit)
256 http cache side-channel-weakmap@https://registry.npmjs.org/side-channel-weakmap/-/side-channel-weakmap-1.0.2.tgz 0ms (cache hit)
257 http cache sift@https://registry.npmjs.org/sift/-/sift-17.1.3.tgz 0ms (cache hit)
258 http cache side-channel@https://registry.npmjs.org/side-channel/-/side-channel-1.1.0.tgz 0ms (cache hit)
259 http cache side-channel-map@https://registry.npmjs.org/side-channel-map/-/side-channel-map-1.0.1.tgz 0ms (cache hit)
260 http cache setprototypeof@https://registry.npmjs.org/setprototypeof/-/setprototypeof-1.2.0.tgz 0ms (cache hit)
261 http cache side-channel-list@https://registry.npmjs.org/side-channel-list/-/side-channel-list-1.0.0.tgz 0ms (cache hit)
262 http cache serve-static@https://registry.npmjs.org/serve-static/-/serve-static-2.2.1.tgz 0ms (cache hit)
263 http cache semver@https://registry.npmjs.org/semver/-/semver-7.7.4.tgz 0ms (cache hit)
264 http cache safer-buffer@https://registry.npmjs.org/safer-buffer/-/safer-buffer-2.1.2.tgz 0ms (cache hit)
265 http cache safe-buffer@https://registry.npmjs.org/safe-buffer/-/safe-buffer-5.2.1.tgz 0ms (cache hit)
266 http cache send@https://registry.npmjs.org/send/-/send-1.2.1.tgz 0ms (cache hit)
267 http cache router@https://registry.npmjs.org/router/-/router-2.2.0.tgz 0ms (cache hit)
268 http cache raw-body@https://registry.npmjs.org/raw-body/-/raw-body-3.0.2.tgz 0ms (cache hit)
269 http cache readdirp@https://registry.npmjs.org/readdirp/-/readdirp-3.6.0.tgz 0ms (cache hit)
270 http cache qs@https://registry.npmjs.org/qs/-/qs-6.15.0.tgz 0ms (cache hit)
271 http cache punycode@https://registry.npmjs.org/punycode/-/punycode-2.3.1.tgz 0ms (cache hit)
272 http cache pstree.remy@https://registry.npmjs.org/pstree.remy/-/pstree.remy-1.1.8.tgz 0ms (cache hit)
273 http cache range-parser@https://registry.npmjs.org/range-parser/-/range-parser-1.2.1.tgz 0ms (cache hit)
274 http cache proxy-addr@https://registry.npmjs.org/proxy-addr/-/proxy-addr-2.0.7.tgz 0ms (cache hit)
275 http cache picomatch@https://registry.npmjs.org/picomatch/-/picomatch-2.3.2.tgz 0ms (cache hit)
276 http cache parseurl@https://registry.npmjs.org/parseurl/-/parseurl-1.3.3.tgz 0ms (cache hit)
277 http cache path-to-regexp@https://registry.npmjs.org/path-to-regexp/-/path-to-regexp-8.4.2.tgz 0ms (cache hit)
278 http cache once@https://registry.npmjs.org/once/-/once-1.4.0.tgz 0ms (cache hit)
279 http cache on-finished@https://registry.npmjs.org/on-finished/-/on-finished-2.4.1.tgz 0ms (cache hit)
280 http cache node-gyp-build@https://registry.npmjs.org/node-gyp-build/-/node-gyp-build-4.8.4.tgz 0ms (cache hit)
281 http cache normalize-path@https://registry.npmjs.org/normalize-path/-/normalize-path-3.0.0.tgz 0ms (cache hit)
282 http cache node-cron@https://registry.npmjs.org/node-cron/-/node-cron-4.2.1.tgz 0ms (cache hit)
283 http cache nodemon@https://registry.npmjs.org/nodemon/-/nodemon-3.1.14.tgz 0ms (cache hit)
284 http cache node-addon-api@https://registry.npmjs.org/node-addon-api/-/node-addon-api-8.7.0.tgz 0ms (cache hit)
285 http cache object-assign@https://registry.npmjs.org/object-assign/-/object-assign-4.1.1.tgz 0ms (cache hit)
286 http cache ms@https://registry.npmjs.org/ms/-/ms-2.1.3.tgz 0ms (cache hit)
287 http cache mquery@https://registry.npmjs.org/mquery/-/mquery-6.0.0.tgz 0ms (cache hit)
288 http cache mongoose@https://registry.npmjs.org/mongoose/-/mongoose-9.3.3.tgz 0ms (cache hit)
289 http cache negotiator@https://registry.npmjs.org/negotiator/-/negotiator-1.0.0.tgz 0ms (cache hit)
290 http cache mpath@https://registry.npmjs.org/mpath/-/mpath-0.9.0.tgz 0ms (cache hit)
291 http cache mongodb@https://registry.npmjs.org/mongodb/-/mongodb-7.1.1.tgz 0ms (cache hit)
292 http cache mongodb-connection-string-url@https://registry.npmjs.org/mongodb-connection-string-url/-/mongodb-connection-string-url-7.0.1.tgz 0ms (cache hit)
293 http cache mime-types@https://registry.npmjs.org/mime-types/-/mime-types-3.0.2.tgz 0ms (cache hit)
294 http cache mime-db@https://registry.npmjs.org/mime-db/-/mime-db-1.54.0.tgz 0ms (cache hit)
295 http cache minimatch@https://registry.npmjs.org/minimatch/-/minimatch-10.2.5.tgz 0ms (cache hit)
296 http cache merge-descriptors@https://registry.npmjs.org/merge-descriptors/-/merge-descriptors-2.0.0.tgz 0ms (cache hit)
297 http cache media-typer@https://registry.npmjs.org/media-typer/-/media-typer-1.1.0.tgz 0ms (cache hit)
298 http cache math-intrinsics@https://registry.npmjs.org/math-intrinsics/-/math-intrinsics-1.1.0.tgz 0ms (cache hit)
299 http cache memory-pager@https://registry.npmjs.org/memory-pager/-/memory-pager-1.5.0.tgz 0ms (cache hit)
300 http cache lodash.once@https://registry.npmjs.org/lodash.once/-/lodash.once-4.1.1.tgz 0ms (cache hit)
301 http cache lodash.isstring@https://registry.npmjs.org/lodash.isstring/-/lodash.isstring-4.0.1.tgz 0ms (cache hit)
302 http cache lodash.isnumber@https://registry.npmjs.org/lodash.isnumber/-/lodash.isnumber-3.0.3.tgz 0ms (cache hit)
303 http cache lodash.isplainobject@https://registry.npmjs.org/lodash.isplainobject/-/lodash.isplainobject-4.0.6.tgz 0ms (cache hit)
304 http cache lodash.isboolean@https://registry.npmjs.org/lodash.isboolean/-/lodash.isboolean-3.0.3.tgz 0ms (cache hit)
305 http cache lodash.isinteger@https://registry.npmjs.org/lodash.isinteger/-/lodash.isinteger-4.0.4.tgz 0ms (cache hit)
306 http cache lodash.includes@https://registry.npmjs.org/lodash.includes/-/lodash.includes-4.3.0.tgz 0ms (cache hit)
307 http cache kareem@https://registry.npmjs.org/kareem/-/kareem-3.2.0.tgz 0ms (cache hit)
308 http cache jws@https://registry.npmjs.org/jws/-/jws-4.0.1.tgz 0ms (cache hit)
309 http cache jwa@https://registry.npmjs.org/jwa/-/jwa-2.0.1.tgz 0ms (cache hit)
310 http cache is-promise@https://registry.npmjs.org/is-promise/-/is-promise-4.0.0.tgz 0ms (cache hit)
311 http cache jsonwebtoken@https://registry.npmjs.org/jsonwebtoken/-/jsonwebtoken-9.0.3.tgz 0ms (cache hit)
312 http cache is-number@https://registry.npmjs.org/is-number/-/is-number-7.0.0.tgz 0ms (cache hit)
313 http cache is-glob@https://registry.npmjs.org/is-glob/-/is-glob-4.0.3.tgz 0ms (cache hit)
314 http cache is-binary-path@https://registry.npmjs.org/is-binary-path/-/is-binary-path-2.1.0.tgz 0ms (cache hit)
315 http cache is-extglob@https://registry.npmjs.org/is-extglob/-/is-extglob-2.1.1.tgz 0ms (cache hit)
316 http cache inherits@https://registry.npmjs.org/inherits/-/inherits-2.0.4.tgz 0ms (cache hit)
317 http cache ipaddr.js@https://registry.npmjs.org/ipaddr.js/-/ipaddr.js-1.9.1.tgz 0ms (cache hit)
318 http cache ignore-by-default@https://registry.npmjs.org/ignore-by-default/-/ignore-by-default-1.0.1.tgz 0ms (cache hit)
319 http cache http-errors@https://registry.npmjs.org/http-errors/-/http-errors-2.0.1.tgz 0ms (cache hit)
320 http cache iconv-lite@https://registry.npmjs.org/iconv-lite/-/iconv-lite-0.7.2.tgz 0ms (cache hit)
321 http cache has-flag@https://registry.npmjs.org/has-flag/-/has-flag-3.0.0.tgz 0ms (cache hit)
322 http cache has-symbols@https://registry.npmjs.org/has-symbols/-/has-symbols-1.1.0.tgz 0ms (cache hit)
323 http cache hasown@https://registry.npmjs.org/hasown/-/hasown-2.0.2.tgz 0ms (cache hit)
324 http cache gopd@https://registry.npmjs.org/gopd/-/gopd-1.2.0.tgz 0ms (cache hit)
325 http cache glob-parent@https://registry.npmjs.org/glob-parent/-/glob-parent-5.1.2.tgz 0ms (cache hit)
326 http cache get-proto@https://registry.npmjs.org/get-proto/-/get-proto-1.0.1.tgz 0ms (cache hit)
327 http cache function-bind@https://registry.npmjs.org/function-bind/-/function-bind-1.1.2.tgz 0ms (cache hit)
328 http cache get-intrinsic@https://registry.npmjs.org/get-intrinsic/-/get-intrinsic-1.3.0.tgz 0ms (cache hit)
329 http cache fresh@https://registry.npmjs.org/fresh/-/fresh-2.0.0.tgz 0ms (cache hit)
330 http cache forwarded@https://registry.npmjs.org/forwarded/-/forwarded-0.2.0.tgz 0ms (cache hit)
331 http cache finalhandler@https://registry.npmjs.org/finalhandler/-/finalhandler-2.1.1.tgz 0ms (cache hit)
332 http cache express@https://registry.npmjs.org/express/-/express-5.2.1.tgz 0ms (cache hit)
333 http cache escape-html@https://registry.npmjs.org/escape-html/-/escape-html-1.0.3.tgz 0ms (cache hit)
334 http cache es-object-atoms@https://registry.npmjs.org/es-object-atoms/-/es-object-atoms-1.1.1.tgz 0ms (cache hit)
335 http cache es-errors@https://registry.npmjs.org/es-errors/-/es-errors-1.3.0.tgz 0ms (cache hit)
336 http cache etag@https://registry.npmjs.org/etag/-/etag-1.8.1.tgz 0ms (cache hit)
337 http cache es-define-property@https://registry.npmjs.org/es-define-property/-/es-define-property-1.0.1.tgz 0ms (cache hit)
338 http cache encodeurl@https://registry.npmjs.org/encodeurl/-/encodeurl-2.0.0.tgz 0ms (cache hit)
339 http cache ee-first@https://registry.npmjs.org/ee-first/-/ee-first-1.1.1.tgz 0ms (cache hit)
340 http cache fill-range@https://registry.npmjs.org/fill-range/-/fill-range-7.1.1.tgz 0ms (cache hit)
341 http cache dunder-proto@https://registry.npmjs.org/dunder-proto/-/dunder-proto-1.0.1.tgz 0ms (cache hit)
342 http cache ecdsa-sig-formatter@https://registry.npmjs.org/ecdsa-sig-formatter/-/ecdsa-sig-formatter-1.0.11.tgz 0ms (cache hit)
343 http cache depd@https://registry.npmjs.org/depd/-/depd-2.0.0.tgz 0ms (cache hit)
344 http cache dotenv@https://registry.npmjs.org/dotenv/-/dotenv-17.4.0.tgz 0ms (cache hit)
345 http cache debug@https://registry.npmjs.org/debug/-/debug-4.4.3.tgz 0ms (cache hit)
346 http cache cors@https://registry.npmjs.org/cors/-/cors-2.8.6.tgz 0ms (cache hit)
347 http cache cookie-signature@https://registry.npmjs.org/cookie-signature/-/cookie-signature-1.2.2.tgz 0ms (cache hit)
348 http cache cookie@https://registry.npmjs.org/cookie/-/cookie-0.7.2.tgz 0ms (cache hit)
349 http cache content-type@https://registry.npmjs.org/content-type/-/content-type-1.0.5.tgz 0ms (cache hit)
350 http cache chokidar@https://registry.npmjs.org/chokidar/-/chokidar-3.6.0.tgz 0ms (cache hit)
351 http cache content-disposition@https://registry.npmjs.org/content-disposition/-/content-disposition-1.0.1.tgz 0ms (cache hit)
352 http cache call-bind-apply-helpers@https://registry.npmjs.org/call-bind-apply-helpers/-/call-bind-apply-helpers-1.0.2.tgz 0ms (cache hit)
353 http cache call-bound@https://registry.npmjs.org/call-bound/-/call-bound-1.0.4.tgz 0ms (cache hit)
354 http cache bytes@https://registry.npmjs.org/bytes/-/bytes-3.1.2.tgz 0ms (cache hit)
355 http cache buffer-equal-constant-time@https://registry.npmjs.org/buffer-equal-constant-time/-/buffer-equal-constant-time-1.0.1.tgz 0ms (cache hit)
356 http cache bson@https://registry.npmjs.org/bson/-/bson-7.2.0.tgz 0ms (cache hit)
357 http cache braces@https://registry.npmjs.org/braces/-/braces-3.0.3.tgz 0ms (cache hit)
358 http cache brace-expansion@https://registry.npmjs.org/brace-expansion/-/brace-expansion-5.0.5.tgz 0ms (cache hit)
359 http cache binary-extensions@https://registry.npmjs.org/binary-extensions/-/binary-extensions-2.3.0.tgz 0ms (cache hit)
360 http cache body-parser@https://registry.npmjs.org/body-parser/-/body-parser-2.2.2.tgz 0ms (cache hit)
361 http cache balanced-match@https://registry.npmjs.org/balanced-match/-/balanced-match-4.0.4.tgz 0ms (cache hit)
362 http cache @types/whatwg-url@https://registry.npmjs.org/@types/whatwg-url/-/whatwg-url-13.0.0.tgz 0ms (cache hit)
363 http cache bcrypt@https://registry.npmjs.org/bcrypt/-/bcrypt-6.0.0.tgz 0ms (cache hit)
364 http cache anymatch@https://registry.npmjs.org/anymatch/-/anymatch-3.1.3.tgz 0ms (cache hit)
365 http cache @types/webidl-conversions@https://registry.npmjs.org/@types/webidl-conversions/-/webidl-conversions-7.0.3.tgz 0ms (cache hit)
366 http cache accepts@https://registry.npmjs.org/accepts/-/accepts-2.0.0.tgz 1ms (cache hit)
367 http cache @mongodb-js/saslprep@https://registry.npmjs.org/@mongodb-js/saslprep/-/saslprep-1.4.6.tgz 0ms (cache hit)
368 http cache object-inspect@https://registry.npmjs.org/object-inspect/-/object-inspect-1.13.4.tgz 0ms (cache hit)
369 http cache accepts@https://registry.npmjs.org/accepts/-/accepts-1.3.8.tgz 0ms (cache hit)
370 http cache mime-db@https://registry.npmjs.org/mime-db/-/mime-db-1.52.0.tgz 0ms (cache hit)
371 http cache negotiator@https://registry.npmjs.org/negotiator/-/negotiator-0.6.3.tgz 0ms (cache hit)
372 http cache mime-db@https://registry.npmjs.org/mime-db/-/mime-db-1.52.0.tgz 0ms (cache hit)
373 http cache mime-types@https://registry.npmjs.org/mime-types/-/mime-types-2.1.35.tgz 0ms (cache hit)
374 http cache mime-types@https://registry.npmjs.org/mime-types/-/mime-types-2.1.35.tgz 0ms (cache hit)
375 http cache mime-db@https://registry.npmjs.org/mime-db/-/mime-db-1.52.0.tgz 0ms (cache hit)
376 http cache negotiator@https://registry.npmjs.org/negotiator/-/negotiator-0.6.3.tgz 0ms (cache hit)
377 http cache accepts@https://registry.npmjs.org/accepts/-/accepts-1.3.8.tgz 0ms (cache hit)
378 http cache mime-types@https://registry.npmjs.org/mime-types/-/mime-types-2.1.35.tgz 0ms (cache hit)
379 silly ADD node_modules/@socket.io/component-emitter
380 silly ADD node_modules/undici-types
381 silly ADD node_modules/ws
382 silly ADD node_modules/engine.io-parser
383 silly ADD node_modules/@types/ws
384 silly ADD node_modules/@types/node
385 silly ADD node_modules/@types/cors
386 silly ADD node_modules/socket.io-parser
387 silly ADD node_modules/socket.io-adapter
388 silly ADD node_modules/engine.io
389 silly ADD node_modules/engine.io/node_modules/mime-db
390 silly ADD node_modules/engine.io/node_modules/negotiator
391 silly ADD node_modules/engine.io/node_modules/mime-types
392 silly ADD node_modules/engine.io/node_modules/accepts
393 silly ADD node_modules/base64id
394 silly ADD node_modules/standard-as-callback
395 silly ADD node_modules/redis-parser
396 silly ADD node_modules/redis-errors
397 silly ADD node_modules/lodash.isarguments
398 silly ADD node_modules/lodash.defaults
399 silly ADD node_modules/denque
400 silly ADD node_modules/cluster-key-slot
401 silly ADD node_modules/@ioredis/commands
402 silly ADD node_modules/has-tostringtag
403 silly ADD node_modules/delayed-stream
404 silly ADD node_modules/es-set-tostringtag
405 silly ADD node_modules/combined-stream
406 silly ADD node_modules/asynckit
407 silly ADD node_modules/proxy-from-env
408 silly ADD node_modules/form-data
409 silly ADD node_modules/form-data/node_modules/mime-db
410 silly ADD node_modules/form-data/node_modules/mime-types
411 silly ADD node_modules/follow-redirects
412 silly ADD node_modules/socket.io
413 silly ADD node_modules/socket.io/node_modules/mime-db
414 silly ADD node_modules/socket.io/node_modules/negotiator
415 silly ADD node_modules/socket.io/node_modules/mime-types
416 silly ADD node_modules/socket.io/node_modules/accepts
417 silly ADD node_modules/ioredis
418 silly ADD node_modules/axios
419 silly ADD node_modules/wrappy
420 silly ADD node_modules/whatwg-url
421 silly ADD node_modules/webidl-conversions
422 silly ADD node_modules/vary
423 silly ADD node_modules/unpipe
424 silly ADD node_modules/undefsafe
425 silly ADD node_modules/type-is
426 silly ADD node_modules/tr46
427 silly ADD node_modules/touch
428 silly ADD node_modules/toidentifier
429 silly ADD node_modules/to-regex-range
430 silly ADD node_modules/supports-color
431 silly ADD node_modules/statuses
432 silly ADD node_modules/sparse-bitfield
433 silly ADD node_modules/simple-update-notifier
434 silly ADD node_modules/sift
435 silly ADD node_modules/side-channel-weakmap
436 silly ADD node_modules/side-channel-map
437 silly ADD node_modules/side-channel-list
438 silly ADD node_modules/side-channel
439 silly ADD node_modules/setprototypeof
440 silly ADD node_modules/serve-static
441 silly ADD node_modules/send
442 silly ADD node_modules/semver
443 silly ADD node_modules/safer-buffer
444 silly ADD node_modules/safe-buffer
445 silly ADD node_modules/router
446 silly ADD node_modules/readdirp
447 silly ADD node_modules/raw-body
448 silly ADD node_modules/range-parser
449 silly ADD node_modules/qs
450 silly ADD node_modules/punycode
451 silly ADD node_modules/pstree.remy
452 silly ADD node_modules/proxy-addr
453 silly ADD node_modules/picomatch
454 silly ADD node_modules/path-to-regexp
455 silly ADD node_modules/parseurl
456 silly ADD node_modules/once
457 silly ADD node_modules/on-finished
458 silly ADD node_modules/object-assign
459 silly ADD node_modules/normalize-path
460 silly ADD node_modules/nodemon
461 silly ADD node_modules/node-gyp-build
462 silly ADD node_modules/node-cron
463 silly ADD node_modules/node-addon-api
464 silly ADD node_modules/negotiator
465 silly ADD node_modules/ms
466 silly ADD node_modules/mquery
467 silly ADD node_modules/mpath
468 silly ADD node_modules/mongoose
469 silly ADD node_modules/mongodb-connection-string-url
470 silly ADD node_modules/mongodb
471 silly ADD node_modules/minimatch
472 silly ADD node_modules/mime-types
473 silly ADD node_modules/mime-db
474 silly ADD node_modules/merge-descriptors
475 silly ADD node_modules/memory-pager
476 silly ADD node_modules/media-typer
477 silly ADD node_modules/math-intrinsics
478 silly ADD node_modules/lodash.once
479 silly ADD node_modules/lodash.isstring
480 silly ADD node_modules/lodash.isplainobject
481 silly ADD node_modules/lodash.isnumber
482 silly ADD node_modules/lodash.isinteger
483 silly ADD node_modules/lodash.isboolean
484 silly ADD node_modules/lodash.includes
485 silly ADD node_modules/kareem
486 silly ADD node_modules/jws
487 silly ADD node_modules/jwa
488 silly ADD node_modules/jsonwebtoken
489 silly ADD node_modules/is-promise
490 silly ADD node_modules/is-number
491 silly ADD node_modules/is-glob
492 silly ADD node_modules/is-extglob
493 silly ADD node_modules/is-binary-path
494 silly ADD node_modules/ipaddr.js
495 silly ADD node_modules/inherits
496 silly ADD node_modules/ignore-by-default
497 silly ADD node_modules/iconv-lite
498 silly ADD node_modules/http-errors
499 silly ADD node_modules/hasown
500 silly ADD node_modules/has-symbols
501 silly ADD node_modules/has-flag
502 silly ADD node_modules/gopd
503 silly ADD node_modules/glob-parent
504 silly ADD node_modules/get-proto
505 silly ADD node_modules/get-intrinsic
506 silly ADD node_modules/function-bind
507 silly ADD node_modules/fresh
508 silly ADD node_modules/forwarded
509 silly ADD node_modules/finalhandler
510 silly ADD node_modules/fill-range
511 silly ADD node_modules/express
512 silly ADD node_modules/etag
513 silly ADD node_modules/escape-html
514 silly ADD node_modules/es-object-atoms
515 silly ADD node_modules/es-errors
516 silly ADD node_modules/es-define-property
517 silly ADD node_modules/encodeurl
518 silly ADD node_modules/ee-first
519 silly ADD node_modules/ecdsa-sig-formatter
520 silly ADD node_modules/dunder-proto
521 silly ADD node_modules/dotenv
522 silly ADD node_modules/depd
523 silly ADD node_modules/debug
524 silly ADD node_modules/cors
525 silly ADD node_modules/cookie-signature
526 silly ADD node_modules/cookie
527 silly ADD node_modules/content-type
528 silly ADD node_modules/content-disposition
529 silly ADD node_modules/chokidar
530 silly ADD node_modules/call-bound
531 silly ADD node_modules/call-bind-apply-helpers
532 silly ADD node_modules/bytes
533 silly ADD node_modules/buffer-equal-constant-time
534 silly ADD node_modules/bson
535 silly ADD node_modules/braces
536 silly ADD node_modules/brace-expansion
537 silly ADD node_modules/body-parser
538 silly ADD node_modules/binary-extensions
539 silly ADD node_modules/bcrypt
540 silly ADD node_modules/balanced-match
541 silly ADD node_modules/anymatch
542 silly ADD node_modules/accepts
543 silly ADD node_modules/@types/whatwg-url
544 silly ADD node_modules/@types/webidl-conversions
545 silly ADD node_modules/@mongodb-js/saslprep
546 silly CHANGE node_modules/object-inspect
547 verbose cwd D:\WEB DEVELOPMENT PRO\PROJECTS\PulseCheck\server
548 verbose os Windows_NT 10.0.26200
549 verbose node v22.18.0
550 verbose npm  v11.7.0
551 verbose exit 0
552 info ok
