0 verbose cli C:\nvm4w\nodejs\node.exe C:\nvm4w\nodejs\node_modules\npm\bin\npm-cli.js
1 info using npm@11.7.0
2 info using node@v22.18.0
3 silly config load:file:C:\Users\Administrator\AppData\Local\nvm\v22.18.0\node_modules\npm\npmrc
4 silly config load:file:D:\WEB DEVELOPMENT PRO\PROJECTS\PulseCheck\client\.npmrc
5 silly config load:file:C:\Users\Administrator\.npmrc
6 silly config load:file:C:\nvm4w\nodejs\etc\npmrc
7 verbose title npm install
8 verbose argv "install" "--cache" ".npm-cache" "--no-audit" "--no-fund" "--ignore-scripts"
9 verbose logfile logs-max:10 dir:D:\WEB DEVELOPMENT PRO\PROJECTS\PulseCheck\client\.npm-cache\_logs\2026-04-18T17_53_04_868Z-
10 verbose logfile D:\WEB DEVELOPMENT PRO\PROJECTS\PulseCheck\client\.npm-cache\_logs\2026-04-18T17_53_04_868Z-debug-0.log
11 silly logfile done cleaning log files
12 silly packumentCache heap:4345298944 maxSize:1086324736 maxEntrySize:543162368
13 silly idealTree buildDeps
14 silly fetch manifest react-router-dom@^6.28.1
15 silly packumentCache full:https://registry.npmjs.org/react-router-dom cache-miss
16 http cache https://registry.npmjs.org/react-router-dom 47ms (cache hit)
17 silly packumentCache full:https://registry.npmjs.org/react-router-dom set size:2841219 disposed:false
18 silly fetch manifest react@^18.2.0
19 silly packumentCache full:https://registry.npmjs.org/react cache-miss
20 http cache https://registry.npmjs.org/react 39ms (cache hit)
21 silly packumentCache full:https://registry.npmjs.org/react set size:6613874 disposed:false
22 silly fetch manifest react-dom@^18.2.0
23 silly packumentCache full:https://registry.npmjs.org/react-dom cache-miss
24 http cache https://registry.npmjs.org/react-dom 41ms (cache hit)
25 silly packumentCache full:https://registry.npmjs.org/react-dom set size:8805723 disposed:false
26 silly fetch manifest socket.io-client@^4.8.1
27 silly packumentCache full:https://registry.npmjs.org/socket.io-client cache-miss
28 http cache https://registry.npmjs.org/socket.io-client 12ms (cache hit)
29 silly packumentCache full:https://registry.npmjs.org/socket.io-client set size:410355 disposed:false
30 silly placeDep ROOT react-router-dom@6.30.3 OK for: pulsecheck-client@1.0.0 want: ^6.28.1
31 silly placeDep ROOT socket.io-client@4.8.3 OK for: pulsecheck-client@1.0.0 want: ^4.8.1
32 silly fetch manifest react-router@6.30.3
33 silly packumentCache full:https://registry.npmjs.org/react-router cache-miss
34 silly fetch manifest @remix-run/router@1.23.2
35 silly packumentCache full:https://registry.npmjs.org/@remix-run%2frouter cache-miss
36 silly fetch manifest @socket.io/component-emitter@~3.1.0
37 silly packumentCache full:https://registry.npmjs.org/@socket.io%2fcomponent-emitter cache-miss
38 silly fetch manifest engine.io-client@~6.6.1
39 silly packumentCache full:https://registry.npmjs.org/engine.io-client cache-miss
40 silly fetch manifest socket.io-parser@~4.2.4
41 silly packumentCache full:https://registry.npmjs.org/socket.io-parser cache-miss
42 http cache https://registry.npmjs.org/@socket.io%2fcomponent-emitter 15ms (cache hit)
43 silly packumentCache full:https://registry.npmjs.org/@socket.io%2fcomponent-emitter set size:14099 disposed:false
44 http cache https://registry.npmjs.org/engine.io-client 18ms (cache hit)
45 silly packumentCache full:https://registry.npmjs.org/engine.io-client set size:469044 disposed:false
46 http cache https://registry.npmjs.org/@remix-run%2frouter 26ms (cache hit)
47 silly packumentCache full:https://registry.npmjs.org/@remix-run%2frouter set size:502004 disposed:false
48 http cache https://registry.npmjs.org/socket.io-parser 29ms (cache hit)
49 silly packumentCache full:https://registry.npmjs.org/socket.io-parser set size:124220 disposed:false
50 http cache https://registry.npmjs.org/react-router 44ms (cache hit)
51 silly packumentCache full:https://registry.npmjs.org/react-router set size:3941038 disposed:false
52 silly fetch manifest react@>=16.8
53 silly packumentCache full:https://registry.npmjs.org/react cache-miss
54 http cache https://registry.npmjs.org/react 28ms (cache hit)
55 silly packumentCache full:https://registry.npmjs.org/react set size:6613874 disposed:false
56 silly placeDep ROOT @remix-run/router@1.23.2 OK for: react-router-dom@6.30.3 want: 1.23.2
57 silly placeDep ROOT react-router@6.30.3 OK for: react-router-dom@6.30.3 want: 6.30.3
58 silly placeDep ROOT @socket.io/component-emitter@3.1.2 OK for: socket.io-client@4.8.3 want: ~3.1.0
59 silly placeDep ROOT engine.io-client@6.6.4 OK for: socket.io-client@4.8.3 want: ~6.6.1
60 silly placeDep ROOT socket.io-parser@4.2.6 OK for: socket.io-client@4.8.3 want: ~4.2.4
61 silly fetch manifest engine.io-parser@~5.2.1
62 silly packumentCache full:https://registry.npmjs.org/engine.io-parser cache-miss
63 silly fetch manifest ws@~8.18.3
64 silly packumentCache full:https://registry.npmjs.org/ws cache-miss
65 silly fetch manifest xmlhttprequest-ssl@~2.1.1
66 silly packumentCache full:https://registry.npmjs.org/xmlhttprequest-ssl cache-miss
67 http cache https://registry.npmjs.org/xmlhttprequest-ssl 11ms (cache hit)
68 silly packumentCache full:https://registry.npmjs.org/xmlhttprequest-ssl set size:41046 disposed:false
69 http cache https://registry.npmjs.org/engine.io-parser 14ms (cache hit)
70 silly packumentCache full:https://registry.npmjs.org/engine.io-parser set size:116455 disposed:false
71 http cache https://registry.npmjs.org/ws 17ms (cache hit)
72 silly packumentCache full:https://registry.npmjs.org/ws set size:415737 disposed:false
73 silly fetch manifest bufferutil@^4.0.1
74 silly packumentCache full:https://registry.npmjs.org/bufferutil cache-miss
75 http cache https://registry.npmjs.org/bufferutil 8ms (cache hit)
76 silly packumentCache full:https://registry.npmjs.org/bufferutil set size:52763 disposed:false
77 silly fetch manifest utf-8-validate@>=5.0.2
78 silly packumentCache full:https://registry.npmjs.org/utf-8-validate cache-miss
79 http cache https://registry.npmjs.org/utf-8-validate 7ms (cache hit)
80 silly packumentCache full:https://registry.npmjs.org/utf-8-validate set size:77148 disposed:false
81 silly placeDep ROOT engine.io-parser@5.2.3 OK for: engine.io-client@6.6.4 want: ~5.2.1
82 silly placeDep ROOT ws@8.18.3 OK for: engine.io-client@6.6.4 want: ~8.18.3
83 silly placeDep ROOT xmlhttprequest-ssl@2.1.2 OK for: engine.io-client@6.6.4 want: ~2.1.1
84 silly reify moves {}
85 http cache xmlhttprequest-ssl@https://registry.npmjs.org/xmlhttprequest-ssl/-/xmlhttprequest-ssl-2.1.2.tgz 0ms (cache hit)
86 http cache ws@https://registry.npmjs.org/ws/-/ws-8.18.3.tgz 0ms (cache hit)
87 http cache engine.io-parser@https://registry.npmjs.org/engine.io-parser/-/engine.io-parser-5.2.3.tgz 0ms (cache hit)
88 http cache @socket.io/component-emitter@https://registry.npmjs.org/@socket.io/component-emitter/-/component-emitter-3.1.2.tgz 0ms (cache hit)
89 http cache engine.io-client@https://registry.npmjs.org/engine.io-client/-/engine.io-client-6.6.4.tgz 0ms (cache hit)
90 http cache socket.io-parser@https://registry.npmjs.org/socket.io-parser/-/socket.io-parser-4.2.6.tgz 0ms (cache hit)
91 http cache @remix-run/router@https://registry.npmjs.org/@remix-run/router/-/router-1.23.2.tgz 0ms (cache hit)
92 http cache react-router@https://registry.npmjs.org/react-router/-/react-router-6.30.3.tgz 1ms (cache hit)
93 http cache socket.io-client@https://registry.npmjs.org/socket.io-client/-/socket.io-client-4.8.3.tgz 0ms (cache hit)
94 http cache react-router-dom@https://registry.npmjs.org/react-router-dom/-/react-router-dom-6.30.3.tgz 0ms (cache hit)
95 http cache yallist@https://registry.npmjs.org/yallist/-/yallist-3.1.1.tgz 0ms (cache hit)
96 http cache update-browserslist-db@https://registry.npmjs.org/update-browserslist-db/-/update-browserslist-db-1.2.3.tgz 0ms (cache hit)
97 http cache vite@https://registry.npmjs.org/vite/-/vite-5.4.21.tgz 0ms (cache hit)
98 http cache scheduler@https://registry.npmjs.org/scheduler/-/scheduler-0.23.2.tgz 1ms (cache hit)
99 http cache source-map-js@https://registry.npmjs.org/source-map-js/-/source-map-js-1.2.1.tgz 0ms (cache hit)
100 http cache semver@https://registry.npmjs.org/semver/-/semver-6.3.1.tgz 0ms (cache hit)
101 http cache rollup@https://registry.npmjs.org/rollup/-/rollup-4.60.1.tgz 0ms (cache hit)
102 http cache react-refresh@https://registry.npmjs.org/react-refresh/-/react-refresh-0.17.0.tgz 0ms (cache hit)
103 http cache react-dom@https://registry.npmjs.org/react-dom/-/react-dom-18.3.1.tgz 0ms (cache hit)
104 http cache proxy-from-env@https://registry.npmjs.org/proxy-from-env/-/proxy-from-env-2.1.0.tgz 0ms (cache hit)
105 http cache react@https://registry.npmjs.org/react/-/react-18.3.1.tgz 0ms (cache hit)
106 http cache picocolors@https://registry.npmjs.org/picocolors/-/picocolors-1.1.1.tgz 0ms (cache hit)
107 http cache postcss@https://registry.npmjs.org/postcss/-/postcss-8.5.8.tgz 0ms (cache hit)
108 http cache nanoid@https://registry.npmjs.org/nanoid/-/nanoid-3.3.11.tgz 0ms (cache hit)
109 http cache node-releases@https://registry.npmjs.org/node-releases/-/node-releases-2.0.37.tgz 1ms (cache hit)
110 http cache mime-types@https://registry.npmjs.org/mime-types/-/mime-types-2.1.35.tgz 0ms (cache hit)
111 http cache ms@https://registry.npmjs.org/ms/-/ms-2.1.3.tgz 0ms (cache hit)
112 http cache math-intrinsics@https://registry.npmjs.org/math-intrinsics/-/math-intrinsics-1.1.0.tgz 0ms (cache hit)
113 http cache mime-db@https://registry.npmjs.org/mime-db/-/mime-db-1.52.0.tgz 0ms (cache hit)
114 http cache json5@https://registry.npmjs.org/json5/-/json5-2.2.3.tgz 0ms (cache hit)
115 http cache loose-envify@https://registry.npmjs.org/loose-envify/-/loose-envify-1.4.0.tgz 0ms (cache hit)
116 http cache jsesc@https://registry.npmjs.org/jsesc/-/jsesc-3.1.0.tgz 0ms (cache hit)
117 http cache lru-cache@https://registry.npmjs.org/lru-cache/-/lru-cache-5.1.1.tgz 0ms (cache hit)
118 http cache js-tokens@https://registry.npmjs.org/js-tokens/-/js-tokens-4.0.0.tgz 0ms (cache hit)
119 http cache hasown@https://registry.npmjs.org/hasown/-/hasown-2.0.2.tgz 0ms (cache hit)
120 http cache has-tostringtag@https://registry.npmjs.org/has-tostringtag/-/has-tostringtag-1.0.2.tgz 0ms (cache hit)
121 http cache gopd@https://registry.npmjs.org/gopd/-/gopd-1.2.0.tgz 0ms (cache hit)
122 http cache get-intrinsic@https://registry.npmjs.org/get-intrinsic/-/get-intrinsic-1.3.0.tgz 0ms (cache hit)
123 http cache gensync@https://registry.npmjs.org/gensync/-/gensync-1.0.0-beta.2.tgz 0ms (cache hit)
124 http cache has-symbols@https://registry.npmjs.org/has-symbols/-/has-symbols-1.1.0.tgz 0ms (cache hit)
125 http cache get-proto@https://registry.npmjs.org/get-proto/-/get-proto-1.0.1.tgz 0ms (cache hit)
126 http cache function-bind@https://registry.npmjs.org/function-bind/-/function-bind-1.1.2.tgz 0ms (cache hit)
127 http cache form-data@https://registry.npmjs.org/form-data/-/form-data-4.0.5.tgz 0ms (cache hit)
128 http cache follow-redirects@https://registry.npmjs.org/follow-redirects/-/follow-redirects-1.15.11.tgz 0ms (cache hit)
129 http cache escalade@https://registry.npmjs.org/escalade/-/escalade-3.2.0.tgz 0ms (cache hit)
130 http cache es-set-tostringtag@https://registry.npmjs.org/es-set-tostringtag/-/es-set-tostringtag-2.1.0.tgz 0ms (cache hit)
131 http cache es-errors@https://registry.npmjs.org/es-errors/-/es-errors-1.3.0.tgz 0ms (cache hit)
132 http cache esbuild@https://registry.npmjs.org/esbuild/-/esbuild-0.21.5.tgz 0ms (cache hit)
133 http cache es-define-property@https://registry.npmjs.org/es-define-property/-/es-define-property-1.0.1.tgz 0ms (cache hit)
134 http cache es-object-atoms@https://registry.npmjs.org/es-object-atoms/-/es-object-atoms-1.1.1.tgz 0ms (cache hit)
135 http cache electron-to-chromium@https://registry.npmjs.org/electron-to-chromium/-/electron-to-chromium-1.5.331.tgz 0ms (cache hit)
136 http cache dunder-proto@https://registry.npmjs.org/dunder-proto/-/dunder-proto-1.0.1.tgz 0ms (cache hit)
137 http cache delayed-stream@https://registry.npmjs.org/delayed-stream/-/delayed-stream-1.0.0.tgz 0ms (cache hit)
138 http cache debug@https://registry.npmjs.org/debug/-/debug-4.4.3.tgz 0ms (cache hit)
139 http cache combined-stream@https://registry.npmjs.org/combined-stream/-/combined-stream-1.0.8.tgz 0ms (cache hit)
140 http cache convert-source-map@https://registry.npmjs.org/convert-source-map/-/convert-source-map-2.0.0.tgz 0ms (cache hit)
141 http cache caniuse-lite@https://registry.npmjs.org/caniuse-lite/-/caniuse-lite-1.0.30001784.tgz 0ms (cache hit)
142 http cache browserslist@https://registry.npmjs.org/browserslist/-/browserslist-4.28.2.tgz 0ms (cache hit)
143 http cache @vitejs/plugin-react@https://registry.npmjs.org/@vitejs/plugin-react/-/plugin-react-4.7.0.tgz 1ms (cache hit)
144 http cache call-bind-apply-helpers@https://registry.npmjs.org/call-bind-apply-helpers/-/call-bind-apply-helpers-1.0.2.tgz 0ms (cache hit)
145 http cache baseline-browser-mapping@https://registry.npmjs.org/baseline-browser-mapping/-/baseline-browser-mapping-2.10.13.tgz 0ms (cache hit)
146 http cache @types/babel__traverse@https://registry.npmjs.org/@types/babel__traverse/-/babel__traverse-7.28.0.tgz 0ms (cache hit)
147 http cache axios@https://registry.npmjs.org/axios/-/axios-1.14.0.tgz 0ms (cache hit)
148 http cache @types/estree@https://registry.npmjs.org/@types/estree/-/estree-1.0.8.tgz 0ms (cache hit)
149 http cache @rollup/rollup-win32-x64-gnu@https://registry.npmjs.org/@rollup/rollup-win32-x64-gnu/-/rollup-win32-x64-gnu-4.60.1.tgz 0ms (cache hit)
150 http cache asynckit@https://registry.npmjs.org/asynckit/-/asynckit-0.4.0.tgz 0ms (cache hit)
151 http cache @types/babel__template@https://registry.npmjs.org/@types/babel__template/-/babel__template-7.4.4.tgz 0ms (cache hit)
152 http cache @rolldown/pluginutils@https://registry.npmjs.org/@rolldown/pluginutils/-/pluginutils-1.0.0-beta.27.tgz 0ms (cache hit)
153 http cache @types/babel__core@https://registry.npmjs.org/@types/babel__core/-/babel__core-7.20.5.tgz 0ms (cache hit)
154 http cache @rollup/rollup-win32-x64-msvc@https://registry.npmjs.org/@rollup/rollup-win32-x64-msvc/-/rollup-win32-x64-msvc-4.60.1.tgz 0ms (cache hit)
155 http cache @types/babel__generator@https://registry.npmjs.org/@types/babel__generator/-/babel__generator-7.27.0.tgz 0ms (cache hit)
156 http cache @jridgewell/resolve-uri@https://registry.npmjs.org/@jridgewell/resolve-uri/-/resolve-uri-3.1.2.tgz 0ms (cache hit)
157 http cache @jridgewell/trace-mapping@https://registry.npmjs.org/@jridgewell/trace-mapping/-/trace-mapping-0.3.31.tgz 0ms (cache hit)
158 http cache @jridgewell/remapping@https://registry.npmjs.org/@jridgewell/remapping/-/remapping-2.3.5.tgz 0ms (cache hit)
159 http cache @jridgewell/sourcemap-codec@https://registry.npmjs.org/@jridgewell/sourcemap-codec/-/sourcemap-codec-1.5.5.tgz 0ms (cache hit)
160 http cache @jridgewell/gen-mapping@https://registry.npmjs.org/@jridgewell/gen-mapping/-/gen-mapping-0.3.13.tgz 0ms (cache hit)
161 http cache @esbuild/win32-x64@https://registry.npmjs.org/@esbuild/win32-x64/-/win32-x64-0.21.5.tgz 0ms (cache hit)
162 http cache @babel/traverse@https://registry.npmjs.org/@babel/traverse/-/traverse-7.29.0.tgz 0ms (cache hit)
163 http cache @babel/types@https://registry.npmjs.org/@babel/types/-/types-7.29.0.tgz 0ms (cache hit)
164 http cache @babel/plugin-transform-react-jsx-source@https://registry.npmjs.org/@babel/plugin-transform-react-jsx-source/-/plugin-transform-react-jsx-source-7.27.1.tgz 0ms (cache hit)
165 http cache @babel/parser@https://registry.npmjs.org/@babel/parser/-/parser-7.29.2.tgz 0ms (cache hit)
166 http cache @babel/plugin-transform-react-jsx-self@https://registry.npmjs.org/@babel/plugin-transform-react-jsx-self/-/plugin-transform-react-jsx-self-7.27.1.tgz 0ms (cache hit)
167 http cache @babel/template@https://registry.npmjs.org/@babel/template/-/template-7.28.6.tgz 0ms (cache hit)
168 http cache @babel/helpers@https://registry.npmjs.org/@babel/helpers/-/helpers-7.29.2.tgz 0ms (cache hit)
169 http cache @babel/helper-validator-option@https://registry.npmjs.org/@babel/helper-validator-option/-/helper-validator-option-7.27.1.tgz 0ms (cache hit)
170 http cache @babel/helper-string-parser@https://registry.npmjs.org/@babel/helper-string-parser/-/helper-string-parser-7.27.1.tgz 0ms (cache hit)
171 http cache @babel/helper-validator-identifier@https://registry.npmjs.org/@babel/helper-validator-identifier/-/helper-validator-identifier-7.28.5.tgz 0ms (cache hit)
172 http cache @babel/helper-module-imports@https://registry.npmjs.org/@babel/helper-module-imports/-/helper-module-imports-7.28.6.tgz 0ms (cache hit)
173 http cache @babel/helper-plugin-utils@https://registry.npmjs.org/@babel/helper-plugin-utils/-/helper-plugin-utils-7.28.6.tgz 0ms (cache hit)
174 http cache @babel/helper-compilation-targets@https://registry.npmjs.org/@babel/helper-compilation-targets/-/helper-compilation-targets-7.28.6.tgz 0ms (cache hit)
175 http cache @babel/compat-data@https://registry.npmjs.org/@babel/compat-data/-/compat-data-7.29.0.tgz 0ms (cache hit)
176 http cache @babel/helper-module-transforms@https://registry.npmjs.org/@babel/helper-module-transforms/-/helper-module-transforms-7.28.6.tgz 0ms (cache hit)
177 http cache @babel/core@https://registry.npmjs.org/@babel/core/-/core-7.29.0.tgz 0ms (cache hit)
178 http cache @babel/helper-globals@https://registry.npmjs.org/@babel/helper-globals/-/helper-globals-7.28.0.tgz 0ms (cache hit)
179 http cache @babel/generator@https://registry.npmjs.org/@babel/generator/-/generator-7.29.1.tgz 0ms (cache hit)
180 http cache @babel/code-frame@https://registry.npmjs.org/@babel/code-frame/-/code-frame-7.29.0.tgz 0ms (cache hit)
181 silly ADD node_modules/xmlhttprequest-ssl
182 silly ADD node_modules/ws
183 silly ADD node_modules/engine.io-parser
184 silly ADD node_modules/socket.io-parser
185 silly ADD node_modules/engine.io-client
186 silly ADD node_modules/@socket.io/component-emitter
187 silly ADD node_modules/react-router
188 silly ADD node_modules/@remix-run/router
189 silly ADD node_modules/socket.io-client
190 silly ADD node_modules/react-router-dom
191 silly ADD node_modules/yallist
192 silly ADD node_modules/vite
193 silly ADD node_modules/update-browserslist-db
194 silly ADD node_modules/source-map-js
195 silly ADD node_modules/semver
196 silly ADD node_modules/scheduler
197 silly ADD node_modules/rollup
198 silly ADD node_modules/react-refresh
199 silly ADD node_modules/react-dom
200 silly ADD node_modules/react
201 silly ADD node_modules/proxy-from-env
202 silly ADD node_modules/postcss
203 silly ADD node_modules/picocolors
204 silly ADD node_modules/node-releases
205 silly ADD node_modules/nanoid
206 silly ADD node_modules/ms
207 silly ADD node_modules/mime-types
208 silly ADD node_modules/mime-db
209 silly ADD node_modules/math-intrinsics
210 silly ADD node_modules/lru-cache
211 silly ADD node_modules/loose-envify
212 silly ADD node_modules/json5
213 silly ADD node_modules/jsesc
214 silly ADD node_modules/js-tokens
215 silly ADD node_modules/hasown
216 silly ADD node_modules/has-tostringtag
217 silly ADD node_modules/has-symbols
218 silly ADD node_modules/gopd
219 silly ADD node_modules/get-proto
220 silly ADD node_modules/get-intrinsic
221 silly ADD node_modules/gensync
222 silly ADD node_modules/function-bind
223 silly ADD node_modules/form-data
224 silly ADD node_modules/follow-redirects
225 silly ADD node_modules/escalade
226 silly ADD node_modules/esbuild
227 silly ADD node_modules/es-set-tostringtag
228 silly ADD node_modules/es-object-atoms
229 silly ADD node_modules/es-errors
230 silly ADD node_modules/es-define-property
231 silly ADD node_modules/electron-to-chromium
232 silly ADD node_modules/dunder-proto
233 silly ADD node_modules/delayed-stream
234 silly ADD node_modules/debug
235 silly ADD node_modules/convert-source-map
236 silly ADD node_modules/combined-stream
237 silly ADD node_modules/caniuse-lite
238 silly ADD node_modules/call-bind-apply-helpers
239 silly ADD node_modules/browserslist
240 silly ADD node_modules/baseline-browser-mapping
241 silly ADD node_modules/axios
242 silly ADD node_modules/asynckit
243 silly ADD node_modules/@vitejs/plugin-react
244 silly ADD node_modules/@types/estree
245 silly ADD node_modules/@types/babel__traverse
246 silly ADD node_modules/@types/babel__template
247 silly ADD node_modules/@types/babel__generator
248 silly ADD node_modules/@types/babel__core
249 silly ADD node_modules/@rollup/rollup-win32-x64-msvc
250 silly ADD node_modules/@rollup/rollup-win32-x64-gnu
251 silly ADD node_modules/@rolldown/pluginutils
252 silly ADD node_modules/@jridgewell/trace-mapping
253 silly ADD node_modules/@jridgewell/sourcemap-codec
254 silly ADD node_modules/@jridgewell/resolve-uri
255 silly ADD node_modules/@jridgewell/remapping
256 silly ADD node_modules/@jridgewell/gen-mapping
257 silly ADD node_modules/@esbuild/win32-x64
258 silly ADD node_modules/@babel/types
259 silly ADD node_modules/@babel/traverse
260 silly ADD node_modules/@babel/template
261 silly ADD node_modules/@babel/plugin-transform-react-jsx-source
262 silly ADD node_modules/@babel/plugin-transform-react-jsx-self
263 silly ADD node_modules/@babel/parser
264 silly ADD node_modules/@babel/helpers
265 silly ADD node_modules/@babel/helper-validator-option
266 silly ADD node_modules/@babel/helper-validator-identifier
267 silly ADD node_modules/@babel/helper-string-parser
268 silly ADD node_modules/@babel/helper-plugin-utils
269 silly ADD node_modules/@babel/helper-module-transforms
270 silly ADD node_modules/@babel/helper-module-imports
271 silly ADD node_modules/@babel/helper-globals
272 silly ADD node_modules/@babel/helper-compilation-targets
273 silly ADD node_modules/@babel/generator
274 silly ADD node_modules/@babel/core
275 silly ADD node_modules/@babel/compat-data
276 silly ADD node_modules/@babel/code-frame
277 verbose cwd D:\WEB DEVELOPMENT PRO\PROJECTS\PulseCheck\client
278 verbose os Windows_NT 10.0.26200
279 verbose node v22.18.0
280 verbose npm  v11.7.0
281 verbose exit 0
282 info ok
